2025-10-16 10:04:06,441 INFO: Registrando blueprint 'devices' com prefixo '/api/devices' [in D:\APP\SMARTCONTROL\app.py:49]
2025-10-16 10:04:06,453 INFO: Registrando blueprint 'lines' com prefixo '/api/lines' [in D:\APP\SMARTCONTROL\app.py:49]
2025-10-16 10:04:06,459 INFO: Registrando blueprint 'maintenance' com prefixo '/api/maintenance' [in D:\APP\SMARTCONTROL\app.py:49]
2025-10-16 10:04:06,464 INFO: Registrando blueprint 'records' com prefixo '/api/records' [in D:\APP\SMARTCONTROL\app.py:49]
2025-10-16 10:04:06,467 INFO: Registrando blueprint 'upload' com prefixo '/api/upload' [in D:\APP\SMARTCONTROL\app.py:49]
2025-10-16 10:04:06,468 INFO: Registrando blueprint 'dashboard' com prefixo '/api/dashboard' [in D:\APP\SMARTCONTROL\app.py:49]
2025-10-16 10:04:06,470 INFO: Registrando blueprint 'audit' com prefixo '/api/audit' [in D:\APP\SMARTCONTROL\app.py:49]
2025-10-16 10:04:06,472 INFO: Registrando blueprint 'line_records' com prefixo '/api/line_records' [in D:\APP\SMARTCONTROL\app.py:49]
2025-10-16 10:04:14,453 INFO: Login bem-sucedido para o utilizador: admin [in D:\APP\SMARTCONTROL\routes\auth_routes.py:48]
2025-10-16 10:04:14,454 INFO: Login bem-sucedido para o utilizador: admin [in D:\APP\SMARTCONTROL\routes\auth_routes.py:48]
2025-10-20 13:39:32,490 INFO: SMARTCONTROL startup [in D:\APP\SMARTCONTROL\app.py:31]
2025-10-20 13:39:32,518 INFO: Registrando blueprint 'auth' com prefixo '/api/auth' [in D:\APP\SMARTCONTROL\app.py:49]
2025-10-20 13:39:32,519 INFO: Registrando blueprint 'company' com prefixo '/api/company' [in D:\APP\SMARTCONTROL\app.py:49]
2025-10-20 13:39:32,520 INFO: Registrando blueprint 'users' com prefixo '/api/users' [in D:\APP\SMARTCONTROL\app.py:49]
2025-10-20 13:39:32,523 INFO: Registrando blueprint 'employees' com prefixo '/api/employees' [in D:\APP\SMARTCONTROL\app.py:49]
2025-10-20 13:39:32,527 INFO: Registrando blueprint 'devices' com prefixo '/api/devices' [in D:\APP\SMARTCONTROL\app.py:49]
2025-10-20 13:39:32,533 INFO: Registrando blueprint 'lines' com prefixo '/api/lines' [in D:\APP\SMARTCONTROL\app.py:49]
2025-10-20 13:39:32,537 INFO: Registrando blueprint 'maintenance' com prefixo '/api/maintenance' [in D:\APP\SMARTCONTROL\app.py:49]
2025-10-20 13:39:32,541 INFO: Registrando blueprint 'records' com prefixo '/api/records' [in D:\APP\SMARTCONTROL\app.py:49]
2025-10-20 13:39:32,546 INFO: Registrando blueprint 'upload' com prefixo '/api/upload' [in D:\APP\SMARTCONTROL\app.py:49]
2025-10-20 13:39:32,548 INFO: Registrando blueprint 'dashboard' com prefixo '/api/dashboard' [in D:\APP\SMARTCONTROL\app.py:49]
2025-10-20 13:39:32,553 INFO: Registrando blueprint 'audit' com prefixo '/api/audit' [in D:\APP\SMARTCONTROL\app.py:49]
2025-10-20 13:39:32,556 INFO: Registrando blueprint 'line_records' com prefixo '/api/line_records' [in D:\APP\SMARTCONTROL\app.py:49]
2025-10-20 13:39:44,930 INFO: Login bem-sucedido para o utilizador: admin [in D:\APP\SMARTCONTROL\routes\auth_routes.py:48]
2025-10-20 13:39:44,930 INFO: Login bem-sucedido para o utilizador: admin [in D:\APP\SMARTCONTROL\routes\auth_routes.py:48]
2025-10-20 14:00:22,715 INFO: SMARTCONTROL startup [in D:\APP\SMARTCONTROL\app.py:31]
2025-10-20 14:00:22,717 INFO: Registrando blueprint 'auth' com prefixo '/api/auth' [in D:\APP\SMARTCONTROL\app.py:49]
2025-10-20 14:00:22,718 INFO: Registrando blueprint 'company' com prefixo '/api/company' [in D:\APP\SMARTCONTROL\app.py:49]
2025-10-20 14:00:22,719 INFO: Registrando blueprint 'users' com prefixo '/api/users' [in D:\APP\SMARTCONTROL\app.py:49]
2025-10-20 14:00:22,722 INFO: Registrando blueprint 'employees' com prefixo '/api/employees' [in D:\APP\SMARTCONTROL\app.py:49]
2025-10-20 14:00:22,727 INFO: Registrando blueprint 'devices' com prefixo '/api/devices' [in D:\APP\SMARTCONTROL\app.py:49]
2025-10-20 14:00:22,732 INFO: Registrando blueprint 'lines' com prefixo '/api/lines' [in D:\APP\SMARTCONTROL\app.py:49]
2025-10-20 14:00:22,736 INFO: Registrando blueprint 'maintenance' com prefixo '/api/maintenance' [in D:\APP\SMARTCONTROL\app.py:49]
2025-10-20 14:00:22,740 INFO: Registrando blueprint 'records' com prefixo '/api/records' [in D:\APP\SMARTCONTROL\app.py:49]
2025-10-20 14:00:22,767 INFO: Registrando blueprint 'upload' com prefixo '/api/upload' [in D:\APP\SMARTCONTROL\app.py:49]
2025-10-20 14:00:22,768 INFO: Registrando blueprint 'dashboard' com prefixo '/api/dashboard' [in D:\APP\SMARTCONTROL\app.py:49]
2025-10-20 14:00:22,769 INFO: Registrando blueprint 'audit' com prefixo '/api/audit' [in D:\APP\SMARTCONTROL\app.py:49]
2025-10-20 14:00:22,770 INFO: Registrando blueprint 'line_records' com prefixo '/api/line_records' [in D:\APP\SMARTCONTROL\app.py:49]
2025-10-20 14:00:41,999 INFO: Login bem-sucedido para o utilizador: admin [in D:\APP\SMARTCONTROL\routes\auth_routes.py:48]
2025-10-20 14:00:41,999 INFO: Login bem-sucedido para o utilizador: admin [in D:\APP\SMARTCONTROL\routes\auth_routes.py:48]
2025-10-20 14:43:34,600 INFO: SMARTCONTROL startup [in D:\APP\SMARTCONTROL\app.py:31]
2025-10-20 14:43:34,602 INFO: Registrando blueprint 'auth' com prefixo '/api/auth' [in D:\APP\SMARTCONTROL\app.py:49]
2025-10-20 14:43:34,605 INFO: Registrando blueprint 'company' com prefixo '/api/company' [in D:\APP\SMARTCONTROL\app.py:49]
2025-10-20 14:43:34,607 INFO: Registrando blueprint 'users' com prefixo '/api/users' [in D:\APP\SMARTCONTROL\app.py:49]
2025-10-20 14:43:34,610 INFO: Registrando blueprint 'employees' com prefixo '/api/employees' [in D:\APP\SMARTCONTROL\app.py:49]
2025-10-20 14:43:34,614 INFO: Registrando blueprint 'devices' com prefixo '/api/devices' [in D:\APP\SMARTCONTROL\app.py:49]
2025-10-20 14:43:34,618 INFO: Registrando blueprint 'lines' com prefixo '/api/lines' [in D:\APP\SMARTCONTROL\app.py:49]
2025-10-20 14:43:34,630 INFO: Registrando blueprint 'maintenance' com prefixo '/api/maintenance' [in D:\APP\SMARTCONTROL\app.py:49]
2025-10-20 14:43:34,633 INFO: Registrando blueprint 'records' com prefixo '/api/records' [in D:\APP\SMARTCONTROL\app.py:49]
2025-10-20 14:43:34,640 INFO: Registrando blueprint 'upload' com prefixo '/api/upload' [in D:\APP\SMARTCONTROL\app.py:49]
2025-10-20 14:43:34,641 INFO: Registrando blueprint 'dashboard' com prefixo '/api/dashboard' [in D:\APP\SMARTCONTROL\app.py:49]
2025-10-20 14:43:34,642 INFO: Registrando blueprint 'audit' com prefixo '/api/audit' [in D:\APP\SMARTCONTROL\app.py:49]
2025-10-20 14:43:34,644 INFO: Registrando blueprint 'line_records' com prefixo '/api/line_records' [in D:\APP\SMARTCONTROL\app.py:49]
2025-10-20 14:43:44,602 INFO: Login bem-sucedido para o utilizador: admin [in D:\APP\SMARTCONTROL\routes\auth_routes.py:48]
2025-10-20 14:43:44,602 INFO: Login bem-sucedido para o utilizador: admin [in D:\APP\SMARTCONTROL\routes\auth_routes.py:48]
2025-10-20 15:52:11,896 INFO: SMARTCONTROL startup [in D:\APP\SMARTCONTROL\app.py:31]
2025-10-20 15:52:11,897 INFO: Registrando blueprint 'auth' com prefixo '/api/auth' [in D:\APP\SMARTCONTROL\app.py:49]
2025-10-20 15:52:11,898 INFO: Registrando blueprint 'company' com prefixo '/api/company' [in D:\APP\SMARTCONTROL\app.py:49]
2025-10-20 15:52:11,899 INFO: Registrando blueprint 'users' com prefixo '/api/users' [in D:\APP\SMARTCONTROL\app.py:49]
2025-10-20 15:52:11,902 INFO: Registrando blueprint 'employees' com prefixo '/api/employees' [in D:\APP\SMARTCONTROL\app.py:49]
2025-10-20 15:52:11,906 INFO: Registrando blueprint 'devices' com prefixo '/api/devices' [in D:\APP\SMARTCONTROL\app.py:49]
2025-10-20 15:52:11,911 INFO: Registrando blueprint 'lines' com prefixo '/api/lines' [in D:\APP\SMARTCONTROL\app.py:49]
2025-10-20 15:52:11,915 INFO: Registrando blueprint 'maintenance' com prefixo '/api/maintenance' [in D:\APP\SMARTCONTROL\app.py:49]
2025-10-20 15:52:11,919 INFO: Registrando blueprint 'records' com prefixo '/api/records' [in D:\APP\SMARTCONTROL\app.py:49]
2025-10-20 15:52:11,922 INFO: Registrando blueprint 'upload' com prefixo '/api/upload' [in D:\APP\SMARTCONTROL\app.py:49]
2025-10-20 15:52:11,924 INFO: Registrando blueprint 'dashboard' com prefixo '/api/dashboard' [in D:\APP\SMARTCONTROL\app.py:49]
2025-10-20 15:52:11,927 INFO: Registrando blueprint 'audit' com prefixo '/api/audit' [in D:\APP\SMARTCONTROL\app.py:49]
2025-10-20 15:52:11,929 INFO: Registrando blueprint 'line_records' com prefixo '/api/line_records' [in D:\APP\SMARTCONTROL\app.py:49]
2025-10-20 16:18:55,460 INFO: SMARTCONTROL startup [in D:\APP\SMARTCONTROL\app.py:55]
2025-10-20 16:19:07,304 INFO: Login bem-sucedido para o utilizador: admin [in D:\APP\SMARTCONTROL\routes\auth_routes.py:62]
2025-10-20 16:19:07,304 INFO: Login bem-sucedido para o utilizador: admin [in D:\APP\SMARTCONTROL\routes\auth_routes.py:62]
2025-10-20 16:19:45,400 ERROR: Erro no decorador require_permission: 415 Unsupported Media Type: Did not attempt to load JSON data because the request Content-Type was not 'application/json'. [in D:\APP\SMARTCONTROL\routes\decorators.py:64]
Traceback (most recent call last):
  File "D:\APP\SMARTCONTROL\routes\decorators.py", line 15, in decorated_function
    data = request.get_json()
  File "C:\Users\mario.rodrigo\AppData\Local\Programs\Python\Python313\Lib\site-packages\werkzeug\wrappers\request.py", line 604, in get_json
    return self.on_json_loading_failed(None)
           ~~~~~~~~~~~~~~~~~~~~~~~~~~~^^^^^^
  File "C:\Users\mario.rodrigo\AppData\Local\Programs\Python\Python313\Lib\site-packages\flask\wrappers.py", line 214, in on_json_loading_failed
    return super().on_json_loading_failed(e)
           ~~~~~~~~~~~~~~~~~~~~~~~~~~~~~~^^^
  File "C:\Users\mario.rodrigo\AppData\Local\Programs\Python\Python313\Lib\site-packages\werkzeug\wrappers\request.py", line 647, in on_json_loading_failed
    raise UnsupportedMediaType(
    ...<2 lines>...
    )
werkzeug.exceptions.UnsupportedMediaType: 415 Unsupported Media Type: Did not attempt to load JSON data because the request Content-Type was not 'application/json'.
2025-10-20 16:19:45,418 ERROR: Erro no decorador require_permission: 415 Unsupported Media Type: Did not attempt to load JSON data because the request Content-Type was not 'application/json'. [in D:\APP\SMARTCONTROL\routes\decorators.py:64]
Traceback (most recent call last):
  File "D:\APP\SMARTCONTROL\routes\decorators.py", line 15, in decorated_function
    data = request.get_json()
  File "C:\Users\mario.rodrigo\AppData\Local\Programs\Python\Python313\Lib\site-packages\werkzeug\wrappers\request.py", line 604, in get_json
    return self.on_json_loading_failed(None)
           ~~~~~~~~~~~~~~~~~~~~~~~~~~~^^^^^^
  File "C:\Users\mario.rodrigo\AppData\Local\Programs\Python\Python313\Lib\site-packages\flask\wrappers.py", line 214, in on_json_loading_failed
    return super().on_json_loading_failed(e)
           ~~~~~~~~~~~~~~~~~~~~~~~~~~~~~~^^^
  File "C:\Users\mario.rodrigo\AppData\Local\Programs\Python\Python313\Lib\site-packages\werkzeug\wrappers\request.py", line 647, in on_json_loading_failed
    raise UnsupportedMediaType(
    ...<2 lines>...
    )
werkzeug.exceptions.UnsupportedMediaType: 415 Unsupported Media Type: Did not attempt to load JSON data because the request Content-Type was not 'application/json'.
2025-10-20 16:19:50,000 ERROR: Erro no decorador require_permission: 415 Unsupported Media Type: Did not attempt to load JSON data because the request Content-Type was not 'application/json'. [in D:\APP\SMARTCONTROL\routes\decorators.py:64]
Traceback (most recent call last):
  File "D:\APP\SMARTCONTROL\routes\decorators.py", line 15, in decorated_function
    data = request.get_json()
  File "C:\Users\mario.rodrigo\AppData\Local\Programs\Python\Python313\Lib\site-packages\werkzeug\wrappers\request.py", line 604, in get_json
    return self.on_json_loading_failed(None)
           ~~~~~~~~~~~~~~~~~~~~~~~~~~~^^^^^^
  File "C:\Users\mario.rodrigo\AppData\Local\Programs\Python\Python313\Lib\site-packages\flask\wrappers.py", line 214, in on_json_loading_failed
    return super().on_json_loading_failed(e)
           ~~~~~~~~~~~~~~~~~~~~~~~~~~~~~~^^^
  File "C:\Users\mario.rodrigo\AppData\Local\Programs\Python\Python313\Lib\site-packages\werkzeug\wrappers\request.py", line 647, in on_json_loading_failed
    raise UnsupportedMediaType(
    ...<2 lines>...
    )
werkzeug.exceptions.UnsupportedMediaType: 415 Unsupported Media Type: Did not attempt to load JSON data because the request Content-Type was not 'application/json'.
2025-10-20 16:19:50,017 ERROR: Erro no decorador require_permission: 415 Unsupported Media Type: Did not attempt to load JSON data because the request Content-Type was not 'application/json'. [in D:\APP\SMARTCONTROL\routes\decorators.py:64]
Traceback (most recent call last):
  File "D:\APP\SMARTCONTROL\routes\decorators.py", line 15, in decorated_function
    data = request.get_json()
  File "C:\Users\mario.rodrigo\AppData\Local\Programs\Python\Python313\Lib\site-packages\werkzeug\wrappers\request.py", line 604, in get_json
    return self.on_json_loading_failed(None)
           ~~~~~~~~~~~~~~~~~~~~~~~~~~~^^^^^^
  File "C:\Users\mario.rodrigo\AppData\Local\Programs\Python\Python313\Lib\site-packages\flask\wrappers.py", line 214, in on_json_loading_failed
    return super().on_json_loading_failed(e)
           ~~~~~~~~~~~~~~~~~~~~~~~~~~~~~~^^^
  File "C:\Users\mario.rodrigo\AppData\Local\Programs\Python\Python313\Lib\site-packages\werkzeug\wrappers\request.py", line 647, in on_json_loading_failed
    raise UnsupportedMediaType(
    ...<2 lines>...
    )
werkzeug.exceptions.UnsupportedMediaType: 415 Unsupported Media Type: Did not attempt to load JSON data because the request Content-Type was not 'application/json'.
2025-10-20 16:24:07,769 ERROR: Erro no decorador require_permission: 415 Unsupported Media Type: Did not attempt to load JSON data because the request Content-Type was not 'application/json'. [in D:\APP\SMARTCONTROL\routes\decorators.py:64]
Traceback (most recent call last):
  File "D:\APP\SMARTCONTROL\routes\decorators.py", line 15, in decorated_function
    data = request.get_json()
  File "C:\Users\mario.rodrigo\AppData\Local\Programs\Python\Python313\Lib\site-packages\werkzeug\wrappers\request.py", line 604, in get_json
    return self.on_json_loading_failed(None)
           ~~~~~~~~~~~~~~~~~~~~~~~~~~~^^^^^^
  File "C:\Users\mario.rodrigo\AppData\Local\Programs\Python\Python313\Lib\site-packages\flask\wrappers.py", line 214, in on_json_loading_failed
    return super().on_json_loading_failed(e)
           ~~~~~~~~~~~~~~~~~~~~~~~~~~~~~~^^^
  File "C:\Users\mario.rodrigo\AppData\Local\Programs\Python\Python313\Lib\site-packages\werkzeug\wrappers\request.py", line 647, in on_json_loading_failed
    raise UnsupportedMediaType(
    ...<2 lines>...
    )
werkzeug.exceptions.UnsupportedMediaType: 415 Unsupported Media Type: Did not attempt to load JSON data because the request Content-Type was not 'application/json'.
2025-10-20 16:24:07,820 ERROR: Erro no decorador require_permission: 415 Unsupported Media Type: Did not attempt to load JSON data because the request Content-Type was not 'application/json'. [in D:\APP\SMARTCONTROL\routes\decorators.py:64]
Traceback (most recent call last):
  File "D:\APP\SMARTCONTROL\routes\decorators.py", line 15, in decorated_function
    data = request.get_json()
  File "C:\Users\mario.rodrigo\AppData\Local\Programs\Python\Python313\Lib\site-packages\werkzeug\wrappers\request.py", line 604, in get_json
    return self.on_json_loading_failed(None)
           ~~~~~~~~~~~~~~~~~~~~~~~~~~~^^^^^^
  File "C:\Users\mario.rodrigo\AppData\Local\Programs\Python\Python313\Lib\site-packages\flask\wrappers.py", line 214, in on_json_loading_failed
    return super().on_json_loading_failed(e)
           ~~~~~~~~~~~~~~~~~~~~~~~~~~~~~~^^^
  File "C:\Users\mario.rodrigo\AppData\Local\Programs\Python\Python313\Lib\site-packages\werkzeug\wrappers\request.py", line 647, in on_json_loading_failed
    raise UnsupportedMediaType(
    ...<2 lines>...
    )
werkzeug.exceptions.UnsupportedMediaType: 415 Unsupported Media Type: Did not attempt to load JSON data because the request Content-Type was not 'application/json'.
2025-10-21 16:54:55,583 INFO: SMARTCONTROL startup [in D:\APP\SMARTCONTROL\app.py:55]
2025-10-21 16:55:08,223 INFO: SMARTCONTROL startup [in D:\APP\SMARTCONTROL\app.py:55]
2025-10-21 17:00:48,197 INFO: Login bem-sucedido para o utilizador: admin [in D:\APP\SMARTCONTROL\routes\auth_routes.py:62]
2025-10-21 17:00:48,198 INFO: Login bem-sucedido para o utilizador: admin [in D:\APP\SMARTCONTROL\routes\auth_routes.py:62]
2025-10-21 17:00:48,812 ERROR: Erro no decorador require_permission: 415 Unsupported Media Type: Did not attempt to load JSON data because the request Content-Type was not 'application/json'. [in D:\APP\SMARTCONTROL\routes\decorators.py:64]
Traceback (most recent call last):
  File "D:\APP\SMARTCONTROL\routes\decorators.py", line 15, in decorated_function
    data = request.get_json()
  File "C:\Users\mario.rodrigo\AppData\Local\Programs\Python\Python313\Lib\site-packages\werkzeug\wrappers\request.py", line 604, in get_json
    return self.on_json_loading_failed(None)
           ~~~~~~~~~~~~~~~~~~~~~~~~~~~^^^^^^
  File "C:\Users\mario.rodrigo\AppData\Local\Programs\Python\Python313\Lib\site-packages\flask\wrappers.py", line 214, in on_json_loading_failed
    return super().on_json_loading_failed(e)
           ~~~~~~~~~~~~~~~~~~~~~~~~~~~~~~^^^
  File "C:\Users\mario.rodrigo\AppData\Local\Programs\Python\Python313\Lib\site-packages\werkzeug\wrappers\request.py", line 647, in on_json_loading_failed
    raise UnsupportedMediaType(
    ...<2 lines>...
    )
werkzeug.exceptions.UnsupportedMediaType: 415 Unsupported Media Type: Did not attempt to load JSON data because the request Content-Type was not 'application/json'.
2025-10-21 17:00:48,903 ERROR: Erro no decorador require_permission: 415 Unsupported Media Type: Did not attempt to load JSON data because the request Content-Type was not 'application/json'. [in D:\APP\SMARTCONTROL\routes\decorators.py:64]
Traceback (most recent call last):
  File "D:\APP\SMARTCONTROL\routes\decorators.py", line 15, in decorated_function
    data = request.get_json()
  File "C:\Users\mario.rodrigo\AppData\Local\Programs\Python\Python313\Lib\site-packages\werkzeug\wrappers\request.py", line 604, in get_json
    return self.on_json_loading_failed(None)
           ~~~~~~~~~~~~~~~~~~~~~~~~~~~^^^^^^
  File "C:\Users\mario.rodrigo\AppData\Local\Programs\Python\Python313\Lib\site-packages\flask\wrappers.py", line 214, in on_json_loading_failed
    return super().on_json_loading_failed(e)
           ~~~~~~~~~~~~~~~~~~~~~~~~~~~~~~^^^
  File "C:\Users\mario.rodrigo\AppData\Local\Programs\Python\Python313\Lib\site-packages\werkzeug\wrappers\request.py", line 647, in on_json_loading_failed
    raise UnsupportedMediaType(
    ...<2 lines>...
    )
werkzeug.exceptions.UnsupportedMediaType: 415 Unsupported Media Type: Did not attempt to load JSON data because the request Content-Type was not 'application/json'.
2025-10-21 17:01:53,034 INFO: Login bem-sucedido para o utilizador: admin [in D:\APP\SMARTCONTROL\routes\auth_routes.py:62]
2025-10-21 17:01:53,035 INFO: Login bem-sucedido para o utilizador: admin [in D:\APP\SMARTCONTROL\routes\auth_routes.py:62]
2025-10-21 17:01:53,598 ERROR: Erro no decorador require_permission: 415 Unsupported Media Type: Did not attempt to load JSON data because the request Content-Type was not 'application/json'. [in D:\APP\SMARTCONTROL\routes\decorators.py:64]
Traceback (most recent call last):
  File "D:\APP\SMARTCONTROL\routes\decorators.py", line 15, in decorated_function
    data = request.get_json()
  File "C:\Users\mario.rodrigo\AppData\Local\Programs\Python\Python313\Lib\site-packages\werkzeug\wrappers\request.py", line 604, in get_json
    return self.on_json_loading_failed(None)
           ~~~~~~~~~~~~~~~~~~~~~~~~~~~^^^^^^
  File "C:\Users\mario.rodrigo\AppData\Local\Programs\Python\Python313\Lib\site-packages\flask\wrappers.py", line 214, in on_json_loading_failed
    return super().on_json_loading_failed(e)
           ~~~~~~~~~~~~~~~~~~~~~~~~~~~~~~^^^
  File "C:\Users\mario.rodrigo\AppData\Local\Programs\Python\Python313\Lib\site-packages\werkzeug\wrappers\request.py", line 647, in on_json_loading_failed
    raise UnsupportedMediaType(
    ...<2 lines>...
    )
werkzeug.exceptions.UnsupportedMediaType: 415 Unsupported Media Type: Did not attempt to load JSON data because the request Content-Type was not 'application/json'.
2025-10-21 17:01:53,663 ERROR: Erro no decorador require_permission: 415 Unsupported Media Type: Did not attempt to load JSON data because the request Content-Type was not 'application/json'. [in D:\APP\SMARTCONTROL\routes\decorators.py:64]
Traceback (most recent call last):
  File "D:\APP\SMARTCONTROL\routes\decorators.py", line 15, in decorated_function
    data = request.get_json()
  File "C:\Users\mario.rodrigo\AppData\Local\Programs\Python\Python313\Lib\site-packages\werkzeug\wrappers\request.py", line 604, in get_json
    return self.on_json_loading_failed(None)
           ~~~~~~~~~~~~~~~~~~~~~~~~~~~^^^^^^
  File "C:\Users\mario.rodrigo\AppData\Local\Programs\Python\Python313\Lib\site-packages\flask\wrappers.py", line 214, in on_json_loading_failed
    return super().on_json_loading_failed(e)
           ~~~~~~~~~~~~~~~~~~~~~~~~~~~~~~^^^
  File "C:\Users\mario.rodrigo\AppData\Local\Programs\Python\Python313\Lib\site-packages\werkzeug\wrappers\request.py", line 647, in on_json_loading_failed
    raise UnsupportedMediaType(
    ...<2 lines>...
    )
werkzeug.exceptions.UnsupportedMediaType: 415 Unsupported Media Type: Did not attempt to load JSON data because the request Content-Type was not 'application/json'.
2025-10-21 17:08:44,682 ERROR: Erro no decorador require_permission: 415 Unsupported Media Type: Did not attempt to load JSON data because the request Content-Type was not 'application/json'. [in D:\APP\SMARTCONTROL\routes\decorators.py:64]
Traceback (most recent call last):
  File "D:\APP\SMARTCONTROL\routes\decorators.py", line 15, in decorated_function
    data = request.get_json()
  File "C:\Users\mario.rodrigo\AppData\Local\Programs\Python\Python313\Lib\site-packages\werkzeug\wrappers\request.py", line 604, in get_json
    return self.on_json_loading_failed(None)
           ~~~~~~~~~~~~~~~~~~~~~~~~~~~^^^^^^
  File "C:\Users\mario.rodrigo\AppData\Local\Programs\Python\Python313\Lib\site-packages\flask\wrappers.py", line 214, in on_json_loading_failed
    return super().on_json_loading_failed(e)
           ~~~~~~~~~~~~~~~~~~~~~~~~~~~~~~^^^
  File "C:\Users\mario.rodrigo\AppData\Local\Programs\Python\Python313\Lib\site-packages\werkzeug\wrappers\request.py", line 647, in on_json_loading_failed
    raise UnsupportedMediaType(
    ...<2 lines>...
    )
werkzeug.exceptions.UnsupportedMediaType: 415 Unsupported Media Type: Did not attempt to load JSON data because the request Content-Type was not 'application/json'.
2025-10-21 17:08:44,766 ERROR: Erro no decorador require_permission: 415 Unsupported Media Type: Did not attempt to load JSON data because the request Content-Type was not 'application/json'. [in D:\APP\SMARTCONTROL\routes\decorators.py:64]
Traceback (most recent call last):
  File "D:\APP\SMARTCONTROL\routes\decorators.py", line 15, in decorated_function
    data = request.get_json()
  File "C:\Users\mario.rodrigo\AppData\Local\Programs\Python\Python313\Lib\site-packages\werkzeug\wrappers\request.py", line 604, in get_json
    return self.on_json_loading_failed(None)
           ~~~~~~~~~~~~~~~~~~~~~~~~~~~^^^^^^
  File "C:\Users\mario.rodrigo\AppData\Local\Programs\Python\Python313\Lib\site-packages\flask\wrappers.py", line 214, in on_json_loading_failed
    return super().on_json_loading_failed(e)
           ~~~~~~~~~~~~~~~~~~~~~~~~~~~~~~^^^
  File "C:\Users\mario.rodrigo\AppData\Local\Programs\Python\Python313\Lib\site-packages\werkzeug\wrappers\request.py", line 647, in on_json_loading_failed
    raise UnsupportedMediaType(
    ...<2 lines>...
    )
werkzeug.exceptions.UnsupportedMediaType: 415 Unsupported Media Type: Did not attempt to load JSON data because the request Content-Type was not 'application/json'.
2025-10-21 17:08:47,260 ERROR: Erro no decorador require_permission: 415 Unsupported Media Type: Did not attempt to load JSON data because the request Content-Type was not 'application/json'. [in D:\APP\SMARTCONTROL\routes\decorators.py:64]
Traceback (most recent call last):
  File "D:\APP\SMARTCONTROL\routes\decorators.py", line 15, in decorated_function
    data = request.get_json()
  File "C:\Users\mario.rodrigo\AppData\Local\Programs\Python\Python313\Lib\site-packages\werkzeug\wrappers\request.py", line 604, in get_json
    return self.on_json_loading_failed(None)
           ~~~~~~~~~~~~~~~~~~~~~~~~~~~^^^^^^
  File "C:\Users\mario.rodrigo\AppData\Local\Programs\Python\Python313\Lib\site-packages\flask\wrappers.py", line 214, in on_json_loading_failed
    return super().on_json_loading_failed(e)
           ~~~~~~~~~~~~~~~~~~~~~~~~~~~~~~^^^
  File "C:\Users\mario.rodrigo\AppData\Local\Programs\Python\Python313\Lib\site-packages\werkzeug\wrappers\request.py", line 647, in on_json_loading_failed
    raise UnsupportedMediaType(
    ...<2 lines>...
    )
werkzeug.exceptions.UnsupportedMediaType: 415 Unsupported Media Type: Did not attempt to load JSON data because the request Content-Type was not 'application/json'.
2025-10-21 17:08:47,288 ERROR: Erro no decorador require_permission: 415 Unsupported Media Type: Did not attempt to load JSON data because the request Content-Type was not 'application/json'. [in D:\APP\SMARTCONTROL\routes\decorators.py:64]
Traceback (most recent call last):
  File "D:\APP\SMARTCONTROL\routes\decorators.py", line 15, in decorated_function
    data = request.get_json()
  File "C:\Users\mario.rodrigo\AppData\Local\Programs\Python\Python313\Lib\site-packages\werkzeug\wrappers\request.py", line 604, in get_json
    return self.on_json_loading_failed(None)
           ~~~~~~~~~~~~~~~~~~~~~~~~~~~^^^^^^
  File "C:\Users\mario.rodrigo\AppData\Local\Programs\Python\Python313\Lib\site-packages\flask\wrappers.py", line 214, in on_json_loading_failed
    return super().on_json_loading_failed(e)
           ~~~~~~~~~~~~~~~~~~~~~~~~~~~~~~^^^
  File "C:\Users\mario.rodrigo\AppData\Local\Programs\Python\Python313\Lib\site-packages\werkzeug\wrappers\request.py", line 647, in on_json_loading_failed
    raise UnsupportedMediaType(
    ...<2 lines>...
    )
werkzeug.exceptions.UnsupportedMediaType: 415 Unsupported Media Type: Did not attempt to load JSON data because the request Content-Type was not 'application/json'.
2025-10-21 17:30:38,601 INFO: SMARTCONTROL startup [in D:\APP\SMARTCONTROL\app.py:55]
2025-10-21 17:33:58,535 INFO: SMARTCONTROL startup [in D:\APP\SMARTCONTROL\app.py:55]
2025-10-21 17:34:12,673 INFO: SMARTCONTROL startup [in D:\APP\SMARTCONTROL\app.py:55]
2025-10-21 17:40:32,749 INFO: Login bem-sucedido para o utilizador: admin [in D:\APP\SMARTCONTROL\routes\auth_routes.py:62]
2025-10-21 17:40:32,749 INFO: Login bem-sucedido para o utilizador: admin [in D:\APP\SMARTCONTROL\routes\auth_routes.py:62]
2025-10-22 10:46:49,749 INFO: Login bem-sucedido para o utilizador: admin [in D:\APP\SMARTCONTROL\routes\auth_routes.py:62]
2025-10-22 10:46:49,750 INFO: Login bem-sucedido para o utilizador: admin [in D:\APP\SMARTCONTROL\routes\auth_routes.py:62]
2025-10-22 10:56:29,975 INFO: Login bem-sucedido para o utilizador: admin [in D:\APP\SMARTCONTROL\routes\auth_routes.py:62]
2025-10-22 10:56:29,975 INFO: Login bem-sucedido para o utilizador: admin [in D:\APP\SMARTCONTROL\routes\auth_routes.py:62]
2025-10-22 11:03:06,620 INFO: Upload bem-sucedido: SMARTCONTROL.pdf [in D:\APP\SMARTCONTROL\routes\upload_routes.py:48]
2025-10-22 11:03:06,620 INFO: Upload bem-sucedido: SMARTCONTROL.pdf [in D:\APP\SMARTCONTROL\routes\upload_routes.py:48]
2025-10-22 11:03:45,979 INFO: Upload bem-sucedido: smart_entrega.pdf [in D:\APP\SMARTCONTROL\routes\upload_routes.py:48]
2025-10-22 11:03:45,979 INFO: Upload bem-sucedido: smart_entrega.pdf [in D:\APP\SMARTCONTROL\routes\upload_routes.py:48]
2025-10-22 11:13:57,977 INFO: Login bem-sucedido para o utilizador: admin [in D:\APP\SMARTCONTROL\routes\auth_routes.py:62]
2025-10-22 11:13:57,977 INFO: Login bem-sucedido para o utilizador: admin [in D:\APP\SMARTCONTROL\routes\auth_routes.py:62]
2025-10-22 11:20:22,012 INFO: Upload bem-sucedido: SMARTCONTROL.pdf [in D:\APP\SMARTCONTROL\routes\upload_routes.py:48]
2025-10-22 11:20:22,012 INFO: Upload bem-sucedido: SMARTCONTROL.pdf [in D:\APP\SMARTCONTROL\routes\upload_routes.py:48]
2025-10-22 11:21:00,238 INFO: Upload bem-sucedido: smart_entrega.pdf [in D:\APP\SMARTCONTROL\routes\upload_routes.py:48]
2025-10-22 11:21:00,245 INFO: Upload bem-sucedido: smart_entrega.pdf [in D:\APP\SMARTCONTROL\routes\upload_routes.py:48]
2025-10-22 11:25:19,469 INFO: Upload bem-sucedido: document-0375789464-20250817.PDF [in D:\APP\SMARTCONTROL\routes\upload_routes.py:48]
2025-10-22 11:25:19,469 INFO: Upload bem-sucedido: document-0375789464-20250817.PDF [in D:\APP\SMARTCONTROL\routes\upload_routes.py:48]
2025-10-22 11:46:07,239 INFO: Login bem-sucedido para o utilizador: admin [in D:\APP\SMARTCONTROL\routes\auth_routes.py:62]
2025-10-22 11:46:07,239 INFO: Login bem-sucedido para o utilizador: admin [in D:\APP\SMARTCONTROL\routes\auth_routes.py:62]
2025-11-10 15:15:53,236 INFO: SMARTCONTROL startup [in D:\APP\SMARTCONTROL\app.py:44]
2025-11-10 15:24:26,996 INFO: Login bem-sucedido para o utilizador: admin [in D:\APP\SMARTCONTROL\services\auth_service.py:37]
2025-11-10 15:24:26,996 INFO: Login bem-sucedido para o utilizador: admin [in D:\APP\SMARTCONTROL\services\auth_service.py:37]
2025-11-10 15:24:27,664 ERROR: Exception on /api/lines/ [GET] [in C:\Users\mario.rodrigo\AppData\Local\Programs\Python\Python313\Lib\site-packages\flask\app.py:825]
Traceback (most recent call last):
  File "C:\Users\mario.rodrigo\AppData\Local\Programs\Python\Python313\Lib\site-packages\flask\app.py", line 1455, in wsgi_app
    response = self.full_dispatch_request()
  File "C:\Users\mario.rodrigo\AppData\Local\Programs\Python\Python313\Lib\site-packages\flask\app.py", line 870, in full_dispatch_request
    return self.finalize_request(rv)
           ~~~~~~~~~~~~~~~~~~~~~^^^^
  File "C:\Users\mario.rodrigo\AppData\Local\Programs\Python\Python313\Lib\site-packages\flask\app.py", line 889, in finalize_request
    response = self.make_response(rv)
  File "C:\Users\mario.rodrigo\AppData\Local\Programs\Python\Python313\Lib\site-packages\flask\app.py", line 1211, in make_response
    rv.status_code = status
    ^^^^^^^^^^^^^^
  File "C:\Users\mario.rodrigo\AppData\Local\Programs\Python\Python313\Lib\site-packages\werkzeug\sansio\response.py", line 149, in status_code
    self.status = code  # type: ignore
    ^^^^^^^^^^^
  File "C:\Users\mario.rodrigo\AppData\Local\Programs\Python\Python313\Lib\site-packages\werkzeug\sansio\response.py", line 158, in status
    self._status, self._status_code = self._clean_status(value)
                                      ~~~~~~~~~~~~~~~~~~^^^^^^^
  File "C:\Users\mario.rodrigo\AppData\Local\Programs\Python\Python313\Lib\site-packages\werkzeug\sansio\response.py", line 164, in _clean_status
    value = value.strip()
            ^^^^^^^^^^^
AttributeError: 'Response' object has no attribute 'strip'
2025-11-10 15:24:27,675 ERROR: Erro list_maintenances: 1054 (42S22): Unknown column 'm.numero_os' in 'field list' [in D:\APP\SMARTCONTROL\services\maintenance_service.py:59]
Traceback (most recent call last):
  File "C:\Users\mario.rodrigo\AppData\Local\Programs\Python\Python313\Lib\site-packages\mysql\connector\connection_cext.py", line 772, in cmd_query
    self._cmysql.query(
    ~~~~~~~~~~~~~~~~~~^
        query,
        ^^^^^^
    ...<3 lines>...
        query_attrs=self.query_attrs,
        ^^^^^^^^^^^^^^^^^^^^^^^^^^^^^
    )
    ^
_mysql_connector.MySQLInterfaceError: Unknown column 'm.numero_os' in 'field list'

The above exception was the direct cause of the following exception:

Traceback (most recent call last):
  File "D:\APP\SMARTCONTROL\services\maintenance_service.py", line 56, in list_maintenances
    g.db_cursor.execute(sql)
    ~~~~~~~~~~~~~~~~~~~^^^^^
  File "C:\Users\mario.rodrigo\AppData\Local\Programs\Python\Python313\Lib\site-packages\mysql\connector\cursor_cext.py", line 353, in execute
    self._connection.cmd_query(
    ~~~~~~~~~~~~~~~~~~~~~~~~~~^
        self._stmt_partition["mappable_stmt"],
        ^^^^^^^^^^^^^^^^^^^^^^^^^^^^^^^^^^^^^^
    ...<2 lines>...
        raw_as_string=self._raw_as_string,
        ^^^^^^^^^^^^^^^^^^^^^^^^^^^^^^^^^^
    )
    ^
  File "C:\Users\mario.rodrigo\AppData\Local\Programs\Python\Python313\Lib\site-packages\mysql\connector\opentelemetry\context_propagation.py", line 97, in wrapper
    return method(cnx, *args, **kwargs)
  File "C:\Users\mario.rodrigo\AppData\Local\Programs\Python\Python313\Lib\site-packages\mysql\connector\connection_cext.py", line 781, in cmd_query
    raise get_mysql_exception(
        err.errno, msg=err.msg, sqlstate=err.sqlstate
    ) from err
mysql.connector.errors.ProgrammingError: 1054 (42S22): Unknown column 'm.numero_os' in 'field list'
2025-11-10 15:24:27,804 ERROR: Exceção no teardown_request: 'Response' object has no attribute 'strip' [in D:\APP\SMARTCONTROL\app.py:69]
NoneType: None
2025-11-10 15:24:27,960 ERROR: Exception on /api/lines/ [GET] [in C:\Users\mario.rodrigo\AppData\Local\Programs\Python\Python313\Lib\site-packages\flask\app.py:825]
Traceback (most recent call last):
  File "C:\Users\mario.rodrigo\AppData\Local\Programs\Python\Python313\Lib\site-packages\flask\app.py", line 1455, in wsgi_app
    response = self.full_dispatch_request()
  File "C:\Users\mario.rodrigo\AppData\Local\Programs\Python\Python313\Lib\site-packages\flask\app.py", line 870, in full_dispatch_request
    return self.finalize_request(rv)
           ~~~~~~~~~~~~~~~~~~~~~^^^^
  File "C:\Users\mario.rodrigo\AppData\Local\Programs\Python\Python313\Lib\site-packages\flask\app.py", line 889, in finalize_request
    response = self.make_response(rv)
  File "C:\Users\mario.rodrigo\AppData\Local\Programs\Python\Python313\Lib\site-packages\flask\app.py", line 1211, in make_response
    rv.status_code = status
    ^^^^^^^^^^^^^^
  File "C:\Users\mario.rodrigo\AppData\Local\Programs\Python\Python313\Lib\site-packages\werkzeug\sansio\response.py", line 149, in status_code
    self.status = code  # type: ignore
    ^^^^^^^^^^^
  File "C:\Users\mario.rodrigo\AppData\Local\Programs\Python\Python313\Lib\site-packages\werkzeug\sansio\response.py", line 158, in status
    self._status, self._status_code = self._clean_status(value)
                                      ~~~~~~~~~~~~~~~~~~^^^^^^^
  File "C:\Users\mario.rodrigo\AppData\Local\Programs\Python\Python313\Lib\site-packages\werkzeug\sansio\response.py", line 164, in _clean_status
    value = value.strip()
            ^^^^^^^^^^^
AttributeError: 'Response' object has no attribute 'strip'
2025-11-10 15:24:27,999 ERROR: Exceção no teardown_request: 'Response' object has no attribute 'strip' [in D:\APP\SMARTCONTROL\app.py:69]
NoneType: None
2025-11-10 15:24:28,008 ERROR: Erro list_maintenances: 1054 (42S22): Unknown column 'm.numero_os' in 'field list' [in D:\APP\SMARTCONTROL\services\maintenance_service.py:59]
Traceback (most recent call last):
  File "C:\Users\mario.rodrigo\AppData\Local\Programs\Python\Python313\Lib\site-packages\mysql\connector\connection_cext.py", line 772, in cmd_query
    self._cmysql.query(
    ~~~~~~~~~~~~~~~~~~^
        query,
        ^^^^^^
    ...<3 lines>...
        query_attrs=self.query_attrs,
        ^^^^^^^^^^^^^^^^^^^^^^^^^^^^^
    )
    ^
_mysql_connector.MySQLInterfaceError: Unknown column 'm.numero_os' in 'field list'

The above exception was the direct cause of the following exception:

Traceback (most recent call last):
  File "D:\APP\SMARTCONTROL\services\maintenance_service.py", line 56, in list_maintenances
    g.db_cursor.execute(sql)
    ~~~~~~~~~~~~~~~~~~~^^^^^
  File "C:\Users\mario.rodrigo\AppData\Local\Programs\Python\Python313\Lib\site-packages\mysql\connector\cursor_cext.py", line 353, in execute
    self._connection.cmd_query(
    ~~~~~~~~~~~~~~~~~~~~~~~~~~^
        self._stmt_partition["mappable_stmt"],
        ^^^^^^^^^^^^^^^^^^^^^^^^^^^^^^^^^^^^^^
    ...<2 lines>...
        raw_as_string=self._raw_as_string,
        ^^^^^^^^^^^^^^^^^^^^^^^^^^^^^^^^^^
    )
    ^
  File "C:\Users\mario.rodrigo\AppData\Local\Programs\Python\Python313\Lib\site-packages\mysql\connector\opentelemetry\context_propagation.py", line 97, in wrapper
    return method(cnx, *args, **kwargs)
  File "C:\Users\mario.rodrigo\AppData\Local\Programs\Python\Python313\Lib\site-packages\mysql\connector\connection_cext.py", line 781, in cmd_query
    raise get_mysql_exception(
        err.errno, msg=err.msg, sqlstate=err.sqlstate
    ) from err
mysql.connector.errors.ProgrammingError: 1054 (42S22): Unknown column 'm.numero_os' in 'field list'
2025-11-10 15:24:38,564 ERROR: Exception on /api/lines/ [GET] [in C:\Users\mario.rodrigo\AppData\Local\Programs\Python\Python313\Lib\site-packages\flask\app.py:825]
Traceback (most recent call last):
  File "C:\Users\mario.rodrigo\AppData\Local\Programs\Python\Python313\Lib\site-packages\flask\app.py", line 1455, in wsgi_app
    response = self.full_dispatch_request()
  File "C:\Users\mario.rodrigo\AppData\Local\Programs\Python\Python313\Lib\site-packages\flask\app.py", line 870, in full_dispatch_request
    return self.finalize_request(rv)
           ~~~~~~~~~~~~~~~~~~~~~^^^^
  File "C:\Users\mario.rodrigo\AppData\Local\Programs\Python\Python313\Lib\site-packages\flask\app.py", line 889, in finalize_request
    response = self.make_response(rv)
  File "C:\Users\mario.rodrigo\AppData\Local\Programs\Python\Python313\Lib\site-packages\flask\app.py", line 1211, in make_response
    rv.status_code = status
    ^^^^^^^^^^^^^^
  File "C:\Users\mario.rodrigo\AppData\Local\Programs\Python\Python313\Lib\site-packages\werkzeug\sansio\response.py", line 149, in status_code
    self.status = code  # type: ignore
    ^^^^^^^^^^^
  File "C:\Users\mario.rodrigo\AppData\Local\Programs\Python\Python313\Lib\site-packages\werkzeug\sansio\response.py", line 158, in status
    self._status, self._status_code = self._clean_status(value)
                                      ~~~~~~~~~~~~~~~~~~^^^^^^^
  File "C:\Users\mario.rodrigo\AppData\Local\Programs\Python\Python313\Lib\site-packages\werkzeug\sansio\response.py", line 164, in _clean_status
    value = value.strip()
            ^^^^^^^^^^^
AttributeError: 'Response' object has no attribute 'strip'
2025-11-10 15:24:38,572 ERROR: Erro list_maintenances: 1054 (42S22): Unknown column 'm.numero_os' in 'field list' [in D:\APP\SMARTCONTROL\services\maintenance_service.py:59]
Traceback (most recent call last):
  File "C:\Users\mario.rodrigo\AppData\Local\Programs\Python\Python313\Lib\site-packages\mysql\connector\connection_cext.py", line 772, in cmd_query
    self._cmysql.query(
    ~~~~~~~~~~~~~~~~~~^
        query,
        ^^^^^^
    ...<3 lines>...
        query_attrs=self.query_attrs,
        ^^^^^^^^^^^^^^^^^^^^^^^^^^^^^
    )
    ^
_mysql_connector.MySQLInterfaceError: Unknown column 'm.numero_os' in 'field list'

The above exception was the direct cause of the following exception:

Traceback (most recent call last):
  File "D:\APP\SMARTCONTROL\services\maintenance_service.py", line 56, in list_maintenances
    g.db_cursor.execute(sql)
    ~~~~~~~~~~~~~~~~~~~^^^^^
  File "C:\Users\mario.rodrigo\AppData\Local\Programs\Python\Python313\Lib\site-packages\mysql\connector\cursor_cext.py", line 353, in execute
    self._connection.cmd_query(
    ~~~~~~~~~~~~~~~~~~~~~~~~~~^
        self._stmt_partition["mappable_stmt"],
        ^^^^^^^^^^^^^^^^^^^^^^^^^^^^^^^^^^^^^^
    ...<2 lines>...
        raw_as_string=self._raw_as_string,
        ^^^^^^^^^^^^^^^^^^^^^^^^^^^^^^^^^^
    )
    ^
  File "C:\Users\mario.rodrigo\AppData\Local\Programs\Python\Python313\Lib\site-packages\mysql\connector\opentelemetry\context_propagation.py", line 97, in wrapper
    return method(cnx, *args, **kwargs)
  File "C:\Users\mario.rodrigo\AppData\Local\Programs\Python\Python313\Lib\site-packages\mysql\connector\connection_cext.py", line 781, in cmd_query
    raise get_mysql_exception(
        err.errno, msg=err.msg, sqlstate=err.sqlstate
    ) from err
mysql.connector.errors.ProgrammingError: 1054 (42S22): Unknown column 'm.numero_os' in 'field list'
2025-11-10 15:24:38,601 ERROR: Exceção no teardown_request: 'Response' object has no attribute 'strip' [in D:\APP\SMARTCONTROL\app.py:69]
NoneType: None
2025-11-10 15:24:38,667 ERROR: Erro list_maintenances: 1054 (42S22): Unknown column 'm.numero_os' in 'field list' [in D:\APP\SMARTCONTROL\services\maintenance_service.py:59]
Traceback (most recent call last):
  File "C:\Users\mario.rodrigo\AppData\Local\Programs\Python\Python313\Lib\site-packages\mysql\connector\connection_cext.py", line 772, in cmd_query
    self._cmysql.query(
    ~~~~~~~~~~~~~~~~~~^
        query,
        ^^^^^^
    ...<3 lines>...
        query_attrs=self.query_attrs,
        ^^^^^^^^^^^^^^^^^^^^^^^^^^^^^
    )
    ^
_mysql_connector.MySQLInterfaceError: Unknown column 'm.numero_os' in 'field list'

The above exception was the direct cause of the following exception:

Traceback (most recent call last):
  File "D:\APP\SMARTCONTROL\services\maintenance_service.py", line 56, in list_maintenances
    g.db_cursor.execute(sql)
    ~~~~~~~~~~~~~~~~~~~^^^^^
  File "C:\Users\mario.rodrigo\AppData\Local\Programs\Python\Python313\Lib\site-packages\mysql\connector\cursor_cext.py", line 353, in execute
    self._connection.cmd_query(
    ~~~~~~~~~~~~~~~~~~~~~~~~~~^
        self._stmt_partition["mappable_stmt"],
        ^^^^^^^^^^^^^^^^^^^^^^^^^^^^^^^^^^^^^^
    ...<2 lines>...
        raw_as_string=self._raw_as_string,
        ^^^^^^^^^^^^^^^^^^^^^^^^^^^^^^^^^^
    )
    ^
  File "C:\Users\mario.rodrigo\AppData\Local\Programs\Python\Python313\Lib\site-packages\mysql\connector\opentelemetry\context_propagation.py", line 97, in wrapper
    return method(cnx, *args, **kwargs)
  File "C:\Users\mario.rodrigo\AppData\Local\Programs\Python\Python313\Lib\site-packages\mysql\connector\connection_cext.py", line 781, in cmd_query
    raise get_mysql_exception(
        err.errno, msg=err.msg, sqlstate=err.sqlstate
    ) from err
mysql.connector.errors.ProgrammingError: 1054 (42S22): Unknown column 'm.numero_os' in 'field list'
2025-11-10 15:24:38,682 ERROR: Exception on /api/lines/ [GET] [in C:\Users\mario.rodrigo\AppData\Local\Programs\Python\Python313\Lib\site-packages\flask\app.py:825]
Traceback (most recent call last):
  File "C:\Users\mario.rodrigo\AppData\Local\Programs\Python\Python313\Lib\site-packages\flask\app.py", line 1455, in wsgi_app
    response = self.full_dispatch_request()
  File "C:\Users\mario.rodrigo\AppData\Local\Programs\Python\Python313\Lib\site-packages\flask\app.py", line 870, in full_dispatch_request
    return self.finalize_request(rv)
           ~~~~~~~~~~~~~~~~~~~~~^^^^
  File "C:\Users\mario.rodrigo\AppData\Local\Programs\Python\Python313\Lib\site-packages\flask\app.py", line 889, in finalize_request
    response = self.make_response(rv)
  File "C:\Users\mario.rodrigo\AppData\Local\Programs\Python\Python313\Lib\site-packages\flask\app.py", line 1211, in make_response
    rv.status_code = status
    ^^^^^^^^^^^^^^
  File "C:\Users\mario.rodrigo\AppData\Local\Programs\Python\Python313\Lib\site-packages\werkzeug\sansio\response.py", line 149, in status_code
    self.status = code  # type: ignore
    ^^^^^^^^^^^
  File "C:\Users\mario.rodrigo\AppData\Local\Programs\Python\Python313\Lib\site-packages\werkzeug\sansio\response.py", line 158, in status
    self._status, self._status_code = self._clean_status(value)
                                      ~~~~~~~~~~~~~~~~~~^^^^^^^
  File "C:\Users\mario.rodrigo\AppData\Local\Programs\Python\Python313\Lib\site-packages\werkzeug\sansio\response.py", line 164, in _clean_status
    value = value.strip()
            ^^^^^^^^^^^
AttributeError: 'Response' object has no attribute 'strip'
2025-11-10 15:24:38,728 ERROR: Exceção no teardown_request: 'Response' object has no attribute 'strip' [in D:\APP\SMARTCONTROL\app.py:69]
NoneType: None
2025-11-10 15:26:23,877 ERROR: Exception on /api/lines/ [GET] [in C:\Users\mario.rodrigo\AppData\Local\Programs\Python\Python313\Lib\site-packages\flask\app.py:825]
Traceback (most recent call last):
  File "C:\Users\mario.rodrigo\AppData\Local\Programs\Python\Python313\Lib\site-packages\flask\app.py", line 1455, in wsgi_app
    response = self.full_dispatch_request()
  File "C:\Users\mario.rodrigo\AppData\Local\Programs\Python\Python313\Lib\site-packages\flask\app.py", line 870, in full_dispatch_request
    return self.finalize_request(rv)
           ~~~~~~~~~~~~~~~~~~~~~^^^^
  File "C:\Users\mario.rodrigo\AppData\Local\Programs\Python\Python313\Lib\site-packages\flask\app.py", line 889, in finalize_request
    response = self.make_response(rv)
  File "C:\Users\mario.rodrigo\AppData\Local\Programs\Python\Python313\Lib\site-packages\flask\app.py", line 1211, in make_response
    rv.status_code = status
    ^^^^^^^^^^^^^^
  File "C:\Users\mario.rodrigo\AppData\Local\Programs\Python\Python313\Lib\site-packages\werkzeug\sansio\response.py", line 149, in status_code
    self.status = code  # type: ignore
    ^^^^^^^^^^^
  File "C:\Users\mario.rodrigo\AppData\Local\Programs\Python\Python313\Lib\site-packages\werkzeug\sansio\response.py", line 158, in status
    self._status, self._status_code = self._clean_status(value)
                                      ~~~~~~~~~~~~~~~~~~^^^^^^^
  File "C:\Users\mario.rodrigo\AppData\Local\Programs\Python\Python313\Lib\site-packages\werkzeug\sansio\response.py", line 164, in _clean_status
    value = value.strip()
            ^^^^^^^^^^^
AttributeError: 'Response' object has no attribute 'strip'
2025-11-10 15:26:23,893 ERROR: Exceção no teardown_request: 'Response' object has no attribute 'strip' [in D:\APP\SMARTCONTROL\app.py:69]
NoneType: None
2025-11-10 15:26:23,935 ERROR: Exception on /api/lines/ [GET] [in C:\Users\mario.rodrigo\AppData\Local\Programs\Python\Python313\Lib\site-packages\flask\app.py:825]
Traceback (most recent call last):
  File "C:\Users\mario.rodrigo\AppData\Local\Programs\Python\Python313\Lib\site-packages\flask\app.py", line 1455, in wsgi_app
    response = self.full_dispatch_request()
  File "C:\Users\mario.rodrigo\AppData\Local\Programs\Python\Python313\Lib\site-packages\flask\app.py", line 870, in full_dispatch_request
    return self.finalize_request(rv)
           ~~~~~~~~~~~~~~~~~~~~~^^^^
  File "C:\Users\mario.rodrigo\AppData\Local\Programs\Python\Python313\Lib\site-packages\flask\app.py", line 889, in finalize_request
    response = self.make_response(rv)
  File "C:\Users\mario.rodrigo\AppData\Local\Programs\Python\Python313\Lib\site-packages\flask\app.py", line 1211, in make_response
    rv.status_code = status
    ^^^^^^^^^^^^^^
  File "C:\Users\mario.rodrigo\AppData\Local\Programs\Python\Python313\Lib\site-packages\werkzeug\sansio\response.py", line 149, in status_code
    self.status = code  # type: ignore
    ^^^^^^^^^^^
  File "C:\Users\mario.rodrigo\AppData\Local\Programs\Python\Python313\Lib\site-packages\werkzeug\sansio\response.py", line 158, in status
    self._status, self._status_code = self._clean_status(value)
                                      ~~~~~~~~~~~~~~~~~~^^^^^^^
  File "C:\Users\mario.rodrigo\AppData\Local\Programs\Python\Python313\Lib\site-packages\werkzeug\sansio\response.py", line 164, in _clean_status
    value = value.strip()
            ^^^^^^^^^^^
AttributeError: 'Response' object has no attribute 'strip'
2025-11-10 15:26:23,939 ERROR: Erro list_maintenances: 1054 (42S22): Unknown column 'm.numero_os' in 'field list' [in D:\APP\SMARTCONTROL\services\maintenance_service.py:59]
Traceback (most recent call last):
  File "C:\Users\mario.rodrigo\AppData\Local\Programs\Python\Python313\Lib\site-packages\mysql\connector\connection_cext.py", line 772, in cmd_query
    self._cmysql.query(
    ~~~~~~~~~~~~~~~~~~^
        query,
        ^^^^^^
    ...<3 lines>...
        query_attrs=self.query_attrs,
        ^^^^^^^^^^^^^^^^^^^^^^^^^^^^^
    )
    ^
_mysql_connector.MySQLInterfaceError: Unknown column 'm.numero_os' in 'field list'

The above exception was the direct cause of the following exception:

Traceback (most recent call last):
  File "D:\APP\SMARTCONTROL\services\maintenance_service.py", line 56, in list_maintenances
    g.db_cursor.execute(sql)
    ~~~~~~~~~~~~~~~~~~~^^^^^
  File "C:\Users\mario.rodrigo\AppData\Local\Programs\Python\Python313\Lib\site-packages\mysql\connector\cursor_cext.py", line 353, in execute
    self._connection.cmd_query(
    ~~~~~~~~~~~~~~~~~~~~~~~~~~^
        self._stmt_partition["mappable_stmt"],
        ^^^^^^^^^^^^^^^^^^^^^^^^^^^^^^^^^^^^^^
    ...<2 lines>...
        raw_as_string=self._raw_as_string,
        ^^^^^^^^^^^^^^^^^^^^^^^^^^^^^^^^^^
    )
    ^
  File "C:\Users\mario.rodrigo\AppData\Local\Programs\Python\Python313\Lib\site-packages\mysql\connector\opentelemetry\context_propagation.py", line 97, in wrapper
    return method(cnx, *args, **kwargs)
  File "C:\Users\mario.rodrigo\AppData\Local\Programs\Python\Python313\Lib\site-packages\mysql\connector\connection_cext.py", line 781, in cmd_query
    raise get_mysql_exception(
        err.errno, msg=err.msg, sqlstate=err.sqlstate
    ) from err
mysql.connector.errors.ProgrammingError: 1054 (42S22): Unknown column 'm.numero_os' in 'field list'
2025-11-10 15:26:23,977 ERROR: Exceção no teardown_request: 'Response' object has no attribute 'strip' [in D:\APP\SMARTCONTROL\app.py:69]
NoneType: None
2025-11-10 15:26:24,010 ERROR: Erro list_maintenances: 1054 (42S22): Unknown column 'm.numero_os' in 'field list' [in D:\APP\SMARTCONTROL\services\maintenance_service.py:59]
Traceback (most recent call last):
  File "C:\Users\mario.rodrigo\AppData\Local\Programs\Python\Python313\Lib\site-packages\mysql\connector\connection_cext.py", line 772, in cmd_query
    self._cmysql.query(
    ~~~~~~~~~~~~~~~~~~^
        query,
        ^^^^^^
    ...<3 lines>...
        query_attrs=self.query_attrs,
        ^^^^^^^^^^^^^^^^^^^^^^^^^^^^^
    )
    ^
_mysql_connector.MySQLInterfaceError: Unknown column 'm.numero_os' in 'field list'

The above exception was the direct cause of the following exception:

Traceback (most recent call last):
  File "D:\APP\SMARTCONTROL\services\maintenance_service.py", line 56, in list_maintenances
    g.db_cursor.execute(sql)
    ~~~~~~~~~~~~~~~~~~~^^^^^
  File "C:\Users\mario.rodrigo\AppData\Local\Programs\Python\Python313\Lib\site-packages\mysql\connector\cursor_cext.py", line 353, in execute
    self._connection.cmd_query(
    ~~~~~~~~~~~~~~~~~~~~~~~~~~^
        self._stmt_partition["mappable_stmt"],
        ^^^^^^^^^^^^^^^^^^^^^^^^^^^^^^^^^^^^^^
    ...<2 lines>...
        raw_as_string=self._raw_as_string,
        ^^^^^^^^^^^^^^^^^^^^^^^^^^^^^^^^^^
    )
    ^
  File "C:\Users\mario.rodrigo\AppData\Local\Programs\Python\Python313\Lib\site-packages\mysql\connector\opentelemetry\context_propagation.py", line 97, in wrapper
    return method(cnx, *args, **kwargs)
  File "C:\Users\mario.rodrigo\AppData\Local\Programs\Python\Python313\Lib\site-packages\mysql\connector\connection_cext.py", line 781, in cmd_query
    raise get_mysql_exception(
        err.errno, msg=err.msg, sqlstate=err.sqlstate
    ) from err
mysql.connector.errors.ProgrammingError: 1054 (42S22): Unknown column 'm.numero_os' in 'field list'
2025-11-10 15:33:07,306 ERROR: Exception on /api/lines/ [GET] [in C:\Users\mario.rodrigo\AppData\Local\Programs\Python\Python313\Lib\site-packages\flask\app.py:825]
Traceback (most recent call last):
  File "C:\Users\mario.rodrigo\AppData\Local\Programs\Python\Python313\Lib\site-packages\flask\app.py", line 1455, in wsgi_app
    response = self.full_dispatch_request()
  File "C:\Users\mario.rodrigo\AppData\Local\Programs\Python\Python313\Lib\site-packages\flask\app.py", line 870, in full_dispatch_request
    return self.finalize_request(rv)
           ~~~~~~~~~~~~~~~~~~~~~^^^^
  File "C:\Users\mario.rodrigo\AppData\Local\Programs\Python\Python313\Lib\site-packages\flask\app.py", line 889, in finalize_request
    response = self.make_response(rv)
  File "C:\Users\mario.rodrigo\AppData\Local\Programs\Python\Python313\Lib\site-packages\flask\app.py", line 1211, in make_response
    rv.status_code = status
    ^^^^^^^^^^^^^^
  File "C:\Users\mario.rodrigo\AppData\Local\Programs\Python\Python313\Lib\site-packages\werkzeug\sansio\response.py", line 149, in status_code
    self.status = code  # type: ignore
    ^^^^^^^^^^^
  File "C:\Users\mario.rodrigo\AppData\Local\Programs\Python\Python313\Lib\site-packages\werkzeug\sansio\response.py", line 158, in status
    self._status, self._status_code = self._clean_status(value)
                                      ~~~~~~~~~~~~~~~~~~^^^^^^^
  File "C:\Users\mario.rodrigo\AppData\Local\Programs\Python\Python313\Lib\site-packages\werkzeug\sansio\response.py", line 164, in _clean_status
    value = value.strip()
            ^^^^^^^^^^^
AttributeError: 'Response' object has no attribute 'strip'
2025-11-10 15:33:07,323 ERROR: Exceção no teardown_request: 'Response' object has no attribute 'strip' [in D:\APP\SMARTCONTROL\app.py:69]
NoneType: None
2025-11-10 15:33:07,460 ERROR: Erro list_maintenances: 1054 (42S22): Unknown column 'm.numero_os' in 'field list' [in D:\APP\SMARTCONTROL\services\maintenance_service.py:59]
Traceback (most recent call last):
  File "C:\Users\mario.rodrigo\AppData\Local\Programs\Python\Python313\Lib\site-packages\mysql\connector\connection_cext.py", line 772, in cmd_query
    self._cmysql.query(
    ~~~~~~~~~~~~~~~~~~^
        query,
        ^^^^^^
    ...<3 lines>...
        query_attrs=self.query_attrs,
        ^^^^^^^^^^^^^^^^^^^^^^^^^^^^^
    )
    ^
_mysql_connector.MySQLInterfaceError: Unknown column 'm.numero_os' in 'field list'

The above exception was the direct cause of the following exception:

Traceback (most recent call last):
  File "D:\APP\SMARTCONTROL\services\maintenance_service.py", line 56, in list_maintenances
    g.db_cursor.execute(sql)
    ~~~~~~~~~~~~~~~~~~~^^^^^
  File "C:\Users\mario.rodrigo\AppData\Local\Programs\Python\Python313\Lib\site-packages\mysql\connector\cursor_cext.py", line 353, in execute
    self._connection.cmd_query(
    ~~~~~~~~~~~~~~~~~~~~~~~~~~^
        self._stmt_partition["mappable_stmt"],
        ^^^^^^^^^^^^^^^^^^^^^^^^^^^^^^^^^^^^^^
    ...<2 lines>...
        raw_as_string=self._raw_as_string,
        ^^^^^^^^^^^^^^^^^^^^^^^^^^^^^^^^^^
    )
    ^
  File "C:\Users\mario.rodrigo\AppData\Local\Programs\Python\Python313\Lib\site-packages\mysql\connector\opentelemetry\context_propagation.py", line 97, in wrapper
    return method(cnx, *args, **kwargs)
  File "C:\Users\mario.rodrigo\AppData\Local\Programs\Python\Python313\Lib\site-packages\mysql\connector\connection_cext.py", line 781, in cmd_query
    raise get_mysql_exception(
        err.errno, msg=err.msg, sqlstate=err.sqlstate
    ) from err
mysql.connector.errors.ProgrammingError: 1054 (42S22): Unknown column 'm.numero_os' in 'field list'
2025-11-10 15:33:07,543 ERROR: Exception on /api/lines/ [GET] [in C:\Users\mario.rodrigo\AppData\Local\Programs\Python\Python313\Lib\site-packages\flask\app.py:825]
Traceback (most recent call last):
  File "C:\Users\mario.rodrigo\AppData\Local\Programs\Python\Python313\Lib\site-packages\flask\app.py", line 1455, in wsgi_app
    response = self.full_dispatch_request()
  File "C:\Users\mario.rodrigo\AppData\Local\Programs\Python\Python313\Lib\site-packages\flask\app.py", line 870, in full_dispatch_request
    return self.finalize_request(rv)
           ~~~~~~~~~~~~~~~~~~~~~^^^^
  File "C:\Users\mario.rodrigo\AppData\Local\Programs\Python\Python313\Lib\site-packages\flask\app.py", line 889, in finalize_request
    response = self.make_response(rv)
  File "C:\Users\mario.rodrigo\AppData\Local\Programs\Python\Python313\Lib\site-packages\flask\app.py", line 1211, in make_response
    rv.status_code = status
    ^^^^^^^^^^^^^^
  File "C:\Users\mario.rodrigo\AppData\Local\Programs\Python\Python313\Lib\site-packages\werkzeug\sansio\response.py", line 149, in status_code
    self.status = code  # type: ignore
    ^^^^^^^^^^^
  File "C:\Users\mario.rodrigo\AppData\Local\Programs\Python\Python313\Lib\site-packages\werkzeug\sansio\response.py", line 158, in status
    self._status, self._status_code = self._clean_status(value)
                                      ~~~~~~~~~~~~~~~~~~^^^^^^^
  File "C:\Users\mario.rodrigo\AppData\Local\Programs\Python\Python313\Lib\site-packages\werkzeug\sansio\response.py", line 164, in _clean_status
    value = value.strip()
            ^^^^^^^^^^^
AttributeError: 'Response' object has no attribute 'strip'
2025-11-10 15:33:07,566 ERROR: Erro list_maintenances: 1054 (42S22): Unknown column 'm.numero_os' in 'field list' [in D:\APP\SMARTCONTROL\services\maintenance_service.py:59]
Traceback (most recent call last):
  File "C:\Users\mario.rodrigo\AppData\Local\Programs\Python\Python313\Lib\site-packages\mysql\connector\connection_cext.py", line 772, in cmd_query
    self._cmysql.query(
    ~~~~~~~~~~~~~~~~~~^
        query,
        ^^^^^^
    ...<3 lines>...
        query_attrs=self.query_attrs,
        ^^^^^^^^^^^^^^^^^^^^^^^^^^^^^
    )
    ^
_mysql_connector.MySQLInterfaceError: Unknown column 'm.numero_os' in 'field list'

The above exception was the direct cause of the following exception:

Traceback (most recent call last):
  File "D:\APP\SMARTCONTROL\services\maintenance_service.py", line 56, in list_maintenances
    g.db_cursor.execute(sql)
    ~~~~~~~~~~~~~~~~~~~^^^^^
  File "C:\Users\mario.rodrigo\AppData\Local\Programs\Python\Python313\Lib\site-packages\mysql\connector\cursor_cext.py", line 353, in execute
    self._connection.cmd_query(
    ~~~~~~~~~~~~~~~~~~~~~~~~~~^
        self._stmt_partition["mappable_stmt"],
        ^^^^^^^^^^^^^^^^^^^^^^^^^^^^^^^^^^^^^^
    ...<2 lines>...
        raw_as_string=self._raw_as_string,
        ^^^^^^^^^^^^^^^^^^^^^^^^^^^^^^^^^^
    )
    ^
  File "C:\Users\mario.rodrigo\AppData\Local\Programs\Python\Python313\Lib\site-packages\mysql\connector\opentelemetry\context_propagation.py", line 97, in wrapper
    return method(cnx, *args, **kwargs)
  File "C:\Users\mario.rodrigo\AppData\Local\Programs\Python\Python313\Lib\site-packages\mysql\connector\connection_cext.py", line 781, in cmd_query
    raise get_mysql_exception(
        err.errno, msg=err.msg, sqlstate=err.sqlstate
    ) from err
mysql.connector.errors.ProgrammingError: 1054 (42S22): Unknown column 'm.numero_os' in 'field list'
2025-11-10 15:33:07,600 ERROR: Exceção no teardown_request: 'Response' object has no attribute 'strip' [in D:\APP\SMARTCONTROL\app.py:69]
NoneType: None
2025-11-12 11:01:32,979 INFO: SMARTCONTROL startup [in D:\APP\SMARTCONTROL\app.py:44]
2025-11-12 11:01:47,137 INFO: Login bem-sucedido para o utilizador: admin [in D:\APP\SMARTCONTROL\services\auth_service.py:37]
2025-11-12 11:01:47,137 INFO: Login bem-sucedido para o utilizador: admin [in D:\APP\SMARTCONTROL\services\auth_service.py:37]
2025-11-12 11:01:47,657 ERROR: Erro list_maintenances: 1054 (42S22): Unknown column 'm.numero_os' in 'field list' [in D:\APP\SMARTCONTROL\services\maintenance_service.py:59]
Traceback (most recent call last):
  File "C:\Users\mario.rodrigo\AppData\Local\Programs\Python\Python313\Lib\site-packages\mysql\connector\connection_cext.py", line 772, in cmd_query
    self._cmysql.query(
    ~~~~~~~~~~~~~~~~~~^
        query,
        ^^^^^^
    ...<3 lines>...
        query_attrs=self.query_attrs,
        ^^^^^^^^^^^^^^^^^^^^^^^^^^^^^
    )
    ^
_mysql_connector.MySQLInterfaceError: Unknown column 'm.numero_os' in 'field list'

The above exception was the direct cause of the following exception:

Traceback (most recent call last):
  File "D:\APP\SMARTCONTROL\services\maintenance_service.py", line 56, in list_maintenances
    g.db_cursor.execute(sql)
    ~~~~~~~~~~~~~~~~~~~^^^^^
  File "C:\Users\mario.rodrigo\AppData\Local\Programs\Python\Python313\Lib\site-packages\mysql\connector\cursor_cext.py", line 353, in execute
    self._connection.cmd_query(
    ~~~~~~~~~~~~~~~~~~~~~~~~~~^
        self._stmt_partition["mappable_stmt"],
        ^^^^^^^^^^^^^^^^^^^^^^^^^^^^^^^^^^^^^^
    ...<2 lines>...
        raw_as_string=self._raw_as_string,
        ^^^^^^^^^^^^^^^^^^^^^^^^^^^^^^^^^^
    )
    ^
  File "C:\Users\mario.rodrigo\AppData\Local\Programs\Python\Python313\Lib\site-packages\mysql\connector\opentelemetry\context_propagation.py", line 97, in wrapper
    return method(cnx, *args, **kwargs)
  File "C:\Users\mario.rodrigo\AppData\Local\Programs\Python\Python313\Lib\site-packages\mysql\connector\connection_cext.py", line 781, in cmd_query
    raise get_mysql_exception(
        err.errno, msg=err.msg, sqlstate=err.sqlstate
    ) from err
mysql.connector.errors.ProgrammingError: 1054 (42S22): Unknown column 'm.numero_os' in 'field list'
2025-11-12 11:01:47,758 ERROR: Erro list_maintenances: 1054 (42S22): Unknown column 'm.numero_os' in 'field list' [in D:\APP\SMARTCONTROL\services\maintenance_service.py:59]
Traceback (most recent call last):
  File "C:\Users\mario.rodrigo\AppData\Local\Programs\Python\Python313\Lib\site-packages\mysql\connector\connection_cext.py", line 772, in cmd_query
    self._cmysql.query(
    ~~~~~~~~~~~~~~~~~~^
        query,
        ^^^^^^
    ...<3 lines>...
        query_attrs=self.query_attrs,
        ^^^^^^^^^^^^^^^^^^^^^^^^^^^^^
    )
    ^
_mysql_connector.MySQLInterfaceError: Unknown column 'm.numero_os' in 'field list'

The above exception was the direct cause of the following exception:

Traceback (most recent call last):
  File "D:\APP\SMARTCONTROL\services\maintenance_service.py", line 56, in list_maintenances
    g.db_cursor.execute(sql)
    ~~~~~~~~~~~~~~~~~~~^^^^^
  File "C:\Users\mario.rodrigo\AppData\Local\Programs\Python\Python313\Lib\site-packages\mysql\connector\cursor_cext.py", line 353, in execute
    self._connection.cmd_query(
    ~~~~~~~~~~~~~~~~~~~~~~~~~~^
        self._stmt_partition["mappable_stmt"],
        ^^^^^^^^^^^^^^^^^^^^^^^^^^^^^^^^^^^^^^
    ...<2 lines>...
        raw_as_string=self._raw_as_string,
        ^^^^^^^^^^^^^^^^^^^^^^^^^^^^^^^^^^
    )
    ^
  File "C:\Users\mario.rodrigo\AppData\Local\Programs\Python\Python313\Lib\site-packages\mysql\connector\opentelemetry\context_propagation.py", line 97, in wrapper
    return method(cnx, *args, **kwargs)
  File "C:\Users\mario.rodrigo\AppData\Local\Programs\Python\Python313\Lib\site-packages\mysql\connector\connection_cext.py", line 781, in cmd_query
    raise get_mysql_exception(
        err.errno, msg=err.msg, sqlstate=err.sqlstate
    ) from err
mysql.connector.errors.ProgrammingError: 1054 (42S22): Unknown column 'm.numero_os' in 'field list'
2025-11-12 11:02:02,547 WARNING: Tentativa de acesso (sem ID de utilizador) à rota protegida: /api/company/ [in D:\APP\SMARTCONTROL\routes\decorators.py:22]
2025-11-12 11:02:02,547 WARNING: Tentativa de acesso (sem ID de utilizador) à rota protegida: /api/company/ [in D:\APP\SMARTCONTROL\routes\decorators.py:22]
2025-11-12 11:02:02,548 ERROR: Erro no decorador require_permission: 401 Unauthorized: Acesso não autorizado: ID de utilizador em falta. [in D:\APP\SMARTCONTROL\routes\decorators.py:64]
Traceback (most recent call last):
  File "D:\APP\SMARTCONTROL\routes\decorators.py", line 23, in decorated_function
    abort(401, description="Acesso não autorizado: ID de utilizador em falta.")
    ~~~~~^^^^^^^^^^^^^^^^^^^^^^^^^^^^^^^^^^^^^^^^^^^^^^^^^^^^^^^^^^^^^^^^^^^^^^
  File "C:\Users\mario.rodrigo\AppData\Local\Programs\Python\Python313\Lib\site-packages\flask\helpers.py", line 274, in abort
    current_app.aborter(code, *args, **kwargs)
    ~~~~~~~~~~~~~~~~~~~^^^^^^^^^^^^^^^^^^^^^^^
  File "C:\Users\mario.rodrigo\AppData\Local\Programs\Python\Python313\Lib\site-packages\werkzeug\exceptions.py", line 876, in __call__
    raise self.mapping[code](*args, **kwargs)
werkzeug.exceptions.Unauthorized: 401 Unauthorized: Acesso não autorizado: ID de utilizador em falta.
2025-11-12 11:02:02,549 ERROR: Erro no decorador require_permission: 401 Unauthorized: Acesso não autorizado: ID de utilizador em falta. [in D:\APP\SMARTCONTROL\routes\decorators.py:64]
Traceback (most recent call last):
  File "D:\APP\SMARTCONTROL\routes\decorators.py", line 23, in decorated_function
    abort(401, description="Acesso não autorizado: ID de utilizador em falta.")
    ~~~~~^^^^^^^^^^^^^^^^^^^^^^^^^^^^^^^^^^^^^^^^^^^^^^^^^^^^^^^^^^^^^^^^^^^^^^
  File "C:\Users\mario.rodrigo\AppData\Local\Programs\Python\Python313\Lib\site-packages\flask\helpers.py", line 274, in abort
    current_app.aborter(code, *args, **kwargs)
    ~~~~~~~~~~~~~~~~~~~^^^^^^^^^^^^^^^^^^^^^^^
  File "C:\Users\mario.rodrigo\AppData\Local\Programs\Python\Python313\Lib\site-packages\werkzeug\exceptions.py", line 876, in __call__
    raise self.mapping[code](*args, **kwargs)
werkzeug.exceptions.Unauthorized: 401 Unauthorized: Acesso não autorizado: ID de utilizador em falta.
2025-11-27 15:24:32,874 INFO: SMARTCONTROL startup [in D:\APP\SMARTCONTROL\app.py:44]
2025-11-27 15:24:42,129 INFO: Login bem-sucedido para o utilizador: admin [in D:\APP\SMARTCONTROL\services\auth_service.py:37]
2025-11-27 15:24:42,129 INFO: Login bem-sucedido para o utilizador: admin [in D:\APP\SMARTCONTROL\services\auth_service.py:37]
2025-11-27 15:24:42,692 ERROR: Erro list_maintenances: 1054 (42S22): Unknown column 'm.numero_os' in 'field list' [in D:\APP\SMARTCONTROL\services\maintenance_service.py:59]
Traceback (most recent call last):
  File "C:\Users\mario.rodrigo\AppData\Local\Programs\Python\Python313\Lib\site-packages\mysql\connector\connection_cext.py", line 772, in cmd_query
    self._cmysql.query(
    ~~~~~~~~~~~~~~~~~~^
        query,
        ^^^^^^
    ...<3 lines>...
        query_attrs=self.query_attrs,
        ^^^^^^^^^^^^^^^^^^^^^^^^^^^^^
    )
    ^
_mysql_connector.MySQLInterfaceError: Unknown column 'm.numero_os' in 'field list'

The above exception was the direct cause of the following exception:

Traceback (most recent call last):
  File "D:\APP\SMARTCONTROL\services\maintenance_service.py", line 56, in list_maintenances
    g.db_cursor.execute(sql)
    ~~~~~~~~~~~~~~~~~~~^^^^^
  File "C:\Users\mario.rodrigo\AppData\Local\Programs\Python\Python313\Lib\site-packages\mysql\connector\cursor_cext.py", line 353, in execute
    self._connection.cmd_query(
    ~~~~~~~~~~~~~~~~~~~~~~~~~~^
        self._stmt_partition["mappable_stmt"],
        ^^^^^^^^^^^^^^^^^^^^^^^^^^^^^^^^^^^^^^
    ...<2 lines>...
        raw_as_string=self._raw_as_string,
        ^^^^^^^^^^^^^^^^^^^^^^^^^^^^^^^^^^
    )
    ^
  File "C:\Users\mario.rodrigo\AppData\Local\Programs\Python\Python313\Lib\site-packages\mysql\connector\opentelemetry\context_propagation.py", line 97, in wrapper
    return method(cnx, *args, **kwargs)
  File "C:\Users\mario.rodrigo\AppData\Local\Programs\Python\Python313\Lib\site-packages\mysql\connector\connection_cext.py", line 781, in cmd_query
    raise get_mysql_exception(
        err.errno, msg=err.msg, sqlstate=err.sqlstate
    ) from err
mysql.connector.errors.ProgrammingError: 1054 (42S22): Unknown column 'm.numero_os' in 'field list'
2025-11-27 15:24:42,876 ERROR: Erro list_maintenances: 1054 (42S22): Unknown column 'm.numero_os' in 'field list' [in D:\APP\SMARTCONTROL\services\maintenance_service.py:59]
Traceback (most recent call last):
  File "C:\Users\mario.rodrigo\AppData\Local\Programs\Python\Python313\Lib\site-packages\mysql\connector\connection_cext.py", line 772, in cmd_query
    self._cmysql.query(
    ~~~~~~~~~~~~~~~~~~^
        query,
        ^^^^^^
    ...<3 lines>...
        query_attrs=self.query_attrs,
        ^^^^^^^^^^^^^^^^^^^^^^^^^^^^^
    )
    ^
_mysql_connector.MySQLInterfaceError: Unknown column 'm.numero_os' in 'field list'

The above exception was the direct cause of the following exception:

Traceback (most recent call last):
  File "D:\APP\SMARTCONTROL\services\maintenance_service.py", line 56, in list_maintenances
    g.db_cursor.execute(sql)
    ~~~~~~~~~~~~~~~~~~~^^^^^
  File "C:\Users\mario.rodrigo\AppData\Local\Programs\Python\Python313\Lib\site-packages\mysql\connector\cursor_cext.py", line 353, in execute
    self._connection.cmd_query(
    ~~~~~~~~~~~~~~~~~~~~~~~~~~^
        self._stmt_partition["mappable_stmt"],
        ^^^^^^^^^^^^^^^^^^^^^^^^^^^^^^^^^^^^^^
    ...<2 lines>...
        raw_as_string=self._raw_as_string,
        ^^^^^^^^^^^^^^^^^^^^^^^^^^^^^^^^^^
    )
    ^
  File "C:\Users\mario.rodrigo\AppData\Local\Programs\Python\Python313\Lib\site-packages\mysql\connector\opentelemetry\context_propagation.py", line 97, in wrapper
    return method(cnx, *args, **kwargs)
  File "C:\Users\mario.rodrigo\AppData\Local\Programs\Python\Python313\Lib\site-packages\mysql\connector\connection_cext.py", line 781, in cmd_query
    raise get_mysql_exception(
        err.errno, msg=err.msg, sqlstate=err.sqlstate
    ) from err
mysql.connector.errors.ProgrammingError: 1054 (42S22): Unknown column 'm.numero_os' in 'field list'
2025-11-27 15:24:52,478 ERROR: Erro list_maintenances: 1054 (42S22): Unknown column 'm.numero_os' in 'field list' [in D:\APP\SMARTCONTROL\services\maintenance_service.py:59]
Traceback (most recent call last):
  File "C:\Users\mario.rodrigo\AppData\Local\Programs\Python\Python313\Lib\site-packages\mysql\connector\connection_cext.py", line 772, in cmd_query
    self._cmysql.query(
    ~~~~~~~~~~~~~~~~~~^
        query,
        ^^^^^^
    ...<3 lines>...
        query_attrs=self.query_attrs,
        ^^^^^^^^^^^^^^^^^^^^^^^^^^^^^
    )
    ^
_mysql_connector.MySQLInterfaceError: Unknown column 'm.numero_os' in 'field list'

The above exception was the direct cause of the following exception:

Traceback (most recent call last):
  File "D:\APP\SMARTCONTROL\services\maintenance_service.py", line 56, in list_maintenances
    g.db_cursor.execute(sql)
    ~~~~~~~~~~~~~~~~~~~^^^^^
  File "C:\Users\mario.rodrigo\AppData\Local\Programs\Python\Python313\Lib\site-packages\mysql\connector\cursor_cext.py", line 353, in execute
    self._connection.cmd_query(
    ~~~~~~~~~~~~~~~~~~~~~~~~~~^
        self._stmt_partition["mappable_stmt"],
        ^^^^^^^^^^^^^^^^^^^^^^^^^^^^^^^^^^^^^^
    ...<2 lines>...
        raw_as_string=self._raw_as_string,
        ^^^^^^^^^^^^^^^^^^^^^^^^^^^^^^^^^^
    )
    ^
  File "C:\Users\mario.rodrigo\AppData\Local\Programs\Python\Python313\Lib\site-packages\mysql\connector\opentelemetry\context_propagation.py", line 97, in wrapper
    return method(cnx, *args, **kwargs)
  File "C:\Users\mario.rodrigo\AppData\Local\Programs\Python\Python313\Lib\site-packages\mysql\connector\connection_cext.py", line 781, in cmd_query
    raise get_mysql_exception(
        err.errno, msg=err.msg, sqlstate=err.sqlstate
    ) from err
mysql.connector.errors.ProgrammingError: 1054 (42S22): Unknown column 'm.numero_os' in 'field list'
2025-11-27 15:24:52,540 ERROR: Erro list_maintenances: 1054 (42S22): Unknown column 'm.numero_os' in 'field list' [in D:\APP\SMARTCONTROL\services\maintenance_service.py:59]
Traceback (most recent call last):
  File "C:\Users\mario.rodrigo\AppData\Local\Programs\Python\Python313\Lib\site-packages\mysql\connector\connection_cext.py", line 772, in cmd_query
    self._cmysql.query(
    ~~~~~~~~~~~~~~~~~~^
        query,
        ^^^^^^
    ...<3 lines>...
        query_attrs=self.query_attrs,
        ^^^^^^^^^^^^^^^^^^^^^^^^^^^^^
    )
    ^
_mysql_connector.MySQLInterfaceError: Unknown column 'm.numero_os' in 'field list'

The above exception was the direct cause of the following exception:

Traceback (most recent call last):
  File "D:\APP\SMARTCONTROL\services\maintenance_service.py", line 56, in list_maintenances
    g.db_cursor.execute(sql)
    ~~~~~~~~~~~~~~~~~~~^^^^^
  File "C:\Users\mario.rodrigo\AppData\Local\Programs\Python\Python313\Lib\site-packages\mysql\connector\cursor_cext.py", line 353, in execute
    self._connection.cmd_query(
    ~~~~~~~~~~~~~~~~~~~~~~~~~~^
        self._stmt_partition["mappable_stmt"],
        ^^^^^^^^^^^^^^^^^^^^^^^^^^^^^^^^^^^^^^
    ...<2 lines>...
        raw_as_string=self._raw_as_string,
        ^^^^^^^^^^^^^^^^^^^^^^^^^^^^^^^^^^
    )
    ^
  File "C:\Users\mario.rodrigo\AppData\Local\Programs\Python\Python313\Lib\site-packages\mysql\connector\opentelemetry\context_propagation.py", line 97, in wrapper
    return method(cnx, *args, **kwargs)
  File "C:\Users\mario.rodrigo\AppData\Local\Programs\Python\Python313\Lib\site-packages\mysql\connector\connection_cext.py", line 781, in cmd_query
    raise get_mysql_exception(
        err.errno, msg=err.msg, sqlstate=err.sqlstate
    ) from err
mysql.connector.errors.ProgrammingError: 1054 (42S22): Unknown column 'm.numero_os' in 'field list'
2025-11-27 15:25:00,787 ERROR: Erro ao criar registro: 1054 (42S22): Unknown column 'delivery_checker' in 'field list' [in D:\APP\SMARTCONTROL\services\records_service.py:194]
Traceback (most recent call last):
  File "C:\Users\mario.rodrigo\AppData\Local\Programs\Python\Python313\Lib\site-packages\mysql\connector\connection_cext.py", line 772, in cmd_query
    self._cmysql.query(
    ~~~~~~~~~~~~~~~~~~^
        query,
        ^^^^^^
    ...<3 lines>...
        query_attrs=self.query_attrs,
        ^^^^^^^^^^^^^^^^^^^^^^^^^^^^^
    )
    ^
_mysql_connector.MySQLInterfaceError: Unknown column 'delivery_checker' in 'field list'

The above exception was the direct cause of the following exception:

Traceback (most recent call last):
  File "D:\APP\SMARTCONTROL\services\records_service.py", line 167, in create_new_record
    g.db_cursor.execute(
    ~~~~~~~~~~~~~~~~~~~^
        """INSERT INTO registros (funcionario_id, aparelho_id, data_entrega, condicao_entrega, notas_entrega, acessorios, termo_entrega_url, status, delivery_checker)
        ^^^^^^^^^^^^^^^^^^^^^^^^^^^^^^^^^^^^^^^^^^^^^^^^^^^^^^^^^^^^^^^^^^^^^^^^^^^^^^^^^^^^^^^^^^^^^^^^^^^^^^^^^^^^^^^^^^^^^^^^^^^^^^^^^^^^^^^^^^^^^^^^^^^^^^^^^^^^^^
           VALUES (%s, %s, %s, %s, %s, %s, %s, 'Em Uso', %s)""",
           ^^^^^^^^^^^^^^^^^^^^^^^^^^^^^^^^^^^^^^^^^^^^^^^^^^^^^
        (funcionario_id, aparelho_id, data.get('deliveryDate'), data.get('deliveryCondition'), data.get('deliveryNotes'), json.dumps(data.get('accessories', [])), termo_entrega_url, delivery_checker)
        ^^^^^^^^^^^^^^^^^^^^^^^^^^^^^^^^^^^^^^^^^^^^^^^^^^^^^^^^^^^^^^^^^^^^^^^^^^^^^^^^^^^^^^^^^^^^^^^^^^^^^^^^^^^^^^^^^^^^^^^^^^^^^^^^^^^^^^^^^^^^^^^^^^^^^^^^^^^^^^^^^^^^^^^^^^^^^^^^^^^^^^^^^^^^^^^
    )
    ^
  File "C:\Users\mario.rodrigo\AppData\Local\Programs\Python\Python313\Lib\site-packages\mysql\connector\cursor_cext.py", line 353, in execute
    self._connection.cmd_query(
    ~~~~~~~~~~~~~~~~~~~~~~~~~~^
        self._stmt_partition["mappable_stmt"],
        ^^^^^^^^^^^^^^^^^^^^^^^^^^^^^^^^^^^^^^
    ...<2 lines>...
        raw_as_string=self._raw_as_string,
        ^^^^^^^^^^^^^^^^^^^^^^^^^^^^^^^^^^
    )
    ^
  File "C:\Users\mario.rodrigo\AppData\Local\Programs\Python\Python313\Lib\site-packages\mysql\connector\opentelemetry\context_propagation.py", line 97, in wrapper
    return method(cnx, *args, **kwargs)
  File "C:\Users\mario.rodrigo\AppData\Local\Programs\Python\Python313\Lib\site-packages\mysql\connector\connection_cext.py", line 781, in cmd_query
    raise get_mysql_exception(
        err.errno, msg=err.msg, sqlstate=err.sqlstate
    ) from err
mysql.connector.errors.ProgrammingError: 1054 (42S22): Unknown column 'delivery_checker' in 'field list'
2025-11-27 15:25:00,803 ERROR: Erro ao criar registro: 1054 (42S22): Unknown column 'delivery_checker' in 'field list' [in D:\APP\SMARTCONTROL\services\records_service.py:194]
Traceback (most recent call last):
  File "C:\Users\mario.rodrigo\AppData\Local\Programs\Python\Python313\Lib\site-packages\mysql\connector\connection_cext.py", line 772, in cmd_query
    self._cmysql.query(
    ~~~~~~~~~~~~~~~~~~^
        query,
        ^^^^^^
    ...<3 lines>...
        query_attrs=self.query_attrs,
        ^^^^^^^^^^^^^^^^^^^^^^^^^^^^^
    )
    ^
_mysql_connector.MySQLInterfaceError: Unknown column 'delivery_checker' in 'field list'

The above exception was the direct cause of the following exception:

Traceback (most recent call last):
  File "D:\APP\SMARTCONTROL\services\records_service.py", line 167, in create_new_record
    g.db_cursor.execute(
    ~~~~~~~~~~~~~~~~~~~^
        """INSERT INTO registros (funcionario_id, aparelho_id, data_entrega, condicao_entrega, notas_entrega, acessorios, termo_entrega_url, status, delivery_checker)
        ^^^^^^^^^^^^^^^^^^^^^^^^^^^^^^^^^^^^^^^^^^^^^^^^^^^^^^^^^^^^^^^^^^^^^^^^^^^^^^^^^^^^^^^^^^^^^^^^^^^^^^^^^^^^^^^^^^^^^^^^^^^^^^^^^^^^^^^^^^^^^^^^^^^^^^^^^^^^^^
           VALUES (%s, %s, %s, %s, %s, %s, %s, 'Em Uso', %s)""",
           ^^^^^^^^^^^^^^^^^^^^^^^^^^^^^^^^^^^^^^^^^^^^^^^^^^^^^
        (funcionario_id, aparelho_id, data.get('deliveryDate'), data.get('deliveryCondition'), data.get('deliveryNotes'), json.dumps(data.get('accessories', [])), termo_entrega_url, delivery_checker)
        ^^^^^^^^^^^^^^^^^^^^^^^^^^^^^^^^^^^^^^^^^^^^^^^^^^^^^^^^^^^^^^^^^^^^^^^^^^^^^^^^^^^^^^^^^^^^^^^^^^^^^^^^^^^^^^^^^^^^^^^^^^^^^^^^^^^^^^^^^^^^^^^^^^^^^^^^^^^^^^^^^^^^^^^^^^^^^^^^^^^^^^^^^^^^^^^
    )
    ^
  File "C:\Users\mario.rodrigo\AppData\Local\Programs\Python\Python313\Lib\site-packages\mysql\connector\cursor_cext.py", line 353, in execute
    self._connection.cmd_query(
    ~~~~~~~~~~~~~~~~~~~~~~~~~~^
        self._stmt_partition["mappable_stmt"],
        ^^^^^^^^^^^^^^^^^^^^^^^^^^^^^^^^^^^^^^
    ...<2 lines>...
        raw_as_string=self._raw_as_string,
        ^^^^^^^^^^^^^^^^^^^^^^^^^^^^^^^^^^
    )
    ^
  File "C:\Users\mario.rodrigo\AppData\Local\Programs\Python\Python313\Lib\site-packages\mysql\connector\opentelemetry\context_propagation.py", line 97, in wrapper
    return method(cnx, *args, **kwargs)
  File "C:\Users\mario.rodrigo\AppData\Local\Programs\Python\Python313\Lib\site-packages\mysql\connector\connection_cext.py", line 781, in cmd_query
    raise get_mysql_exception(
        err.errno, msg=err.msg, sqlstate=err.sqlstate
    ) from err
mysql.connector.errors.ProgrammingError: 1054 (42S22): Unknown column 'delivery_checker' in 'field list'
2025-11-27 15:25:15,884 WARNING: Tentativa de acesso (sem ID de utilizador) à rota protegida: /api/company/ [in D:\APP\SMARTCONTROL\routes\decorators.py:22]
2025-11-27 15:25:15,884 WARNING: Tentativa de acesso (sem ID de utilizador) à rota protegida: /api/company/ [in D:\APP\SMARTCONTROL\routes\decorators.py:22]
2025-11-27 15:25:15,885 ERROR: Erro no decorador require_permission: 401 Unauthorized: Acesso não autorizado: ID de utilizador em falta. [in D:\APP\SMARTCONTROL\routes\decorators.py:64]
Traceback (most recent call last):
  File "D:\APP\SMARTCONTROL\routes\decorators.py", line 23, in decorated_function
    abort(401, description="Acesso não autorizado: ID de utilizador em falta.")
    ~~~~~^^^^^^^^^^^^^^^^^^^^^^^^^^^^^^^^^^^^^^^^^^^^^^^^^^^^^^^^^^^^^^^^^^^^^^
  File "C:\Users\mario.rodrigo\AppData\Local\Programs\Python\Python313\Lib\site-packages\flask\helpers.py", line 274, in abort
    current_app.aborter(code, *args, **kwargs)
    ~~~~~~~~~~~~~~~~~~~^^^^^^^^^^^^^^^^^^^^^^^
  File "C:\Users\mario.rodrigo\AppData\Local\Programs\Python\Python313\Lib\site-packages\werkzeug\exceptions.py", line 876, in __call__
    raise self.mapping[code](*args, **kwargs)
werkzeug.exceptions.Unauthorized: 401 Unauthorized: Acesso não autorizado: ID de utilizador em falta.
2025-11-27 15:25:15,885 ERROR: Erro no decorador require_permission: 401 Unauthorized: Acesso não autorizado: ID de utilizador em falta. [in D:\APP\SMARTCONTROL\routes\decorators.py:64]
Traceback (most recent call last):
  File "D:\APP\SMARTCONTROL\routes\decorators.py", line 23, in decorated_function
    abort(401, description="Acesso não autorizado: ID de utilizador em falta.")
    ~~~~~^^^^^^^^^^^^^^^^^^^^^^^^^^^^^^^^^^^^^^^^^^^^^^^^^^^^^^^^^^^^^^^^^^^^^^
  File "C:\Users\mario.rodrigo\AppData\Local\Programs\Python\Python313\Lib\site-packages\flask\helpers.py", line 274, in abort
    current_app.aborter(code, *args, **kwargs)
    ~~~~~~~~~~~~~~~~~~~^^^^^^^^^^^^^^^^^^^^^^^
  File "C:\Users\mario.rodrigo\AppData\Local\Programs\Python\Python313\Lib\site-packages\werkzeug\exceptions.py", line 876, in __call__
    raise self.mapping[code](*args, **kwargs)
werkzeug.exceptions.Unauthorized: 401 Unauthorized: Acesso não autorizado: ID de utilizador em falta.
2025-11-27 15:25:17,476 WARNING: Tentativa de acesso (sem ID de utilizador) à rota protegida: /api/company/ [in D:\APP\SMARTCONTROL\routes\decorators.py:22]
2025-11-27 15:25:17,476 WARNING: Tentativa de acesso (sem ID de utilizador) à rota protegida: /api/company/ [in D:\APP\SMARTCONTROL\routes\decorators.py:22]
2025-11-27 15:25:17,477 ERROR: Erro no decorador require_permission: 401 Unauthorized: Acesso não autorizado: ID de utilizador em falta. [in D:\APP\SMARTCONTROL\routes\decorators.py:64]
Traceback (most recent call last):
  File "D:\APP\SMARTCONTROL\routes\decorators.py", line 23, in decorated_function
    abort(401, description="Acesso não autorizado: ID de utilizador em falta.")
    ~~~~~^^^^^^^^^^^^^^^^^^^^^^^^^^^^^^^^^^^^^^^^^^^^^^^^^^^^^^^^^^^^^^^^^^^^^^
  File "C:\Users\mario.rodrigo\AppData\Local\Programs\Python\Python313\Lib\site-packages\flask\helpers.py", line 274, in abort
    current_app.aborter(code, *args, **kwargs)
    ~~~~~~~~~~~~~~~~~~~^^^^^^^^^^^^^^^^^^^^^^^
  File "C:\Users\mario.rodrigo\AppData\Local\Programs\Python\Python313\Lib\site-packages\werkzeug\exceptions.py", line 876, in __call__
    raise self.mapping[code](*args, **kwargs)
werkzeug.exceptions.Unauthorized: 401 Unauthorized: Acesso não autorizado: ID de utilizador em falta.
2025-11-27 15:25:17,477 ERROR: Erro no decorador require_permission: 401 Unauthorized: Acesso não autorizado: ID de utilizador em falta. [in D:\APP\SMARTCONTROL\routes\decorators.py:64]
Traceback (most recent call last):
  File "D:\APP\SMARTCONTROL\routes\decorators.py", line 23, in decorated_function
    abort(401, description="Acesso não autorizado: ID de utilizador em falta.")
    ~~~~~^^^^^^^^^^^^^^^^^^^^^^^^^^^^^^^^^^^^^^^^^^^^^^^^^^^^^^^^^^^^^^^^^^^^^^
  File "C:\Users\mario.rodrigo\AppData\Local\Programs\Python\Python313\Lib\site-packages\flask\helpers.py", line 274, in abort
    current_app.aborter(code, *args, **kwargs)
    ~~~~~~~~~~~~~~~~~~~^^^^^^^^^^^^^^^^^^^^^^^
  File "C:\Users\mario.rodrigo\AppData\Local\Programs\Python\Python313\Lib\site-packages\werkzeug\exceptions.py", line 876, in __call__
    raise self.mapping[code](*args, **kwargs)
werkzeug.exceptions.Unauthorized: 401 Unauthorized: Acesso não autorizado: ID de utilizador em falta.
